Component: Arm Compiler for Embedded 6.19 Tool: armlink [5e73cb00]

==============================================================================

Section Cross References

    startup_stm32f407xx.o(RESET) refers to startup_stm32f407xx.o(STACK) for __initial_sp
    startup_stm32f407xx.o(RESET) refers to startup_stm32f407xx.o(.text) for Reset_Handler
    startup_stm32f407xx.o(RESET) refers to lto-llvm-af9222.o(.text.NMI_Handler) for NMI_Handler
    startup_stm32f407xx.o(RESET) refers to lto-llvm-af9222.o(.text.HardFault_Handler) for HardFault_Handler
    startup_stm32f407xx.o(RESET) refers to lto-llvm-af9222.o(.text.MemManage_Handler) for MemManage_Handler
    startup_stm32f407xx.o(RESET) refers to lto-llvm-af9222.o(.text.BusFault_Handler) for BusFault_Handler
    startup_stm32f407xx.o(RESET) refers to lto-llvm-af9222.o(.text.UsageFault_Handler) for UsageFault_Handler
    startup_stm32f407xx.o(RESET) refers to lto-llvm-af9222.o(.text.SVC_Handler) for SVC_Handler
    startup_stm32f407xx.o(RESET) refers to lto-llvm-af9222.o(.text.DebugMon_Handler) for DebugMon_Handler
    startup_stm32f407xx.o(RESET) refers to lto-llvm-af9222.o(.text.PendSV_Handler) for PendSV_Handler
    startup_stm32f407xx.o(RESET) refers to lto-llvm-af9222.o(.text.SysTick_Handler) for SysTick_Handler
    startup_stm32f407xx.o(RESET) refers to lto-llvm-af9222.o(.text.EXTI0_IRQHandler) for EXTI0_IRQHandler
    startup_stm32f407xx.o(RESET) refers to lto-llvm-af9222.o(.text.EXTI3_IRQHandler) for EXTI3_IRQHandler
    startup_stm32f407xx.o(RESET) refers to lto-llvm-af9222.o(.text.DMA1_Stream1_IRQHandler) for DMA1_Stream1_IRQHandler
    startup_stm32f407xx.o(RESET) refers to lto-llvm-af9222.o(.text.CAN1_RX0_IRQHandler) for CAN1_RX0_IRQHandler
    startup_stm32f407xx.o(RESET) refers to lto-llvm-af9222.o(.text.TIM1_UP_TIM10_IRQHandler) for TIM1_UP_TIM10_IRQHandler
    startup_stm32f407xx.o(RESET) refers to lto-llvm-af9222.o(.text.USART1_IRQHandler) for USART1_IRQHandler
    startup_stm32f407xx.o(RESET) refers to lto-llvm-af9222.o(.text.USART3_IRQHandler) for USART3_IRQHandler
    startup_stm32f407xx.o(RESET) refers to lto-llvm-af9222.o(.text.DMA2_Stream2_IRQHandler) for DMA2_Stream2_IRQHandler
    startup_stm32f407xx.o(RESET) refers to lto-llvm-af9222.o(.text.CAN2_RX0_IRQHandler) for CAN2_RX0_IRQHandler
    startup_stm32f407xx.o(RESET) refers to lto-llvm-af9222.o(.text.OTG_FS_IRQHandler) for OTG_FS_IRQHandler
    startup_stm32f407xx.o(RESET) refers to lto-llvm-af9222.o(.text.DMA2_Stream7_IRQHandler) for DMA2_Stream7_IRQHandler
    startup_stm32f407xx.o(RESET) refers to lto-llvm-af9222.o(.text.USART6_IRQHandler) for USART6_IRQHandler
    startup_stm32f407xx.o(.text) refers to lto-llvm-af9222.o(.text.SystemInit) for SystemInit
    startup_stm32f407xx.o(.text) refers to entry.o(.ARM.Collect$$$$00000000) for __main
    cxa_virtual.cpp.o(.text.__cxa_pure_virtual) refers to abort_message.cpp.o(.text.abort_message) for abort_message
    cxa_virtual.cpp.o(.ARM.exidx.text.__cxa_pure_virtual) refers to cxa_virtual.cpp.o(.text.__cxa_pure_virtual) for [Anonymous Symbol]
    cxa_virtual.cpp.o(.text.__cxa_deleted_virtual) refers to abort_message.cpp.o(.text.abort_message) for abort_message
    cxa_virtual.cpp.o(.ARM.exidx.text.__cxa_deleted_virtual) refers to cxa_virtual.cpp.o(.text.__cxa_deleted_virtual) for [Anonymous Symbol]
    log2.o(i.__hardfp_log2) refers (Special) to iusefp.o(.text) for __I$use$fp
    log2.o(i.__hardfp_log2) refers to cdcmple.o(.text) for __aeabi_cdcmpeq
    log2.o(i.__hardfp_log2) refers to dunder.o(i.__mathlib_dbl_infnan) for __mathlib_dbl_infnan
    log2.o(i.__hardfp_log2) refers to errno.o(i.__set_errno) for __set_errno
    log2.o(i.__hardfp_log2) refers to dunder.o(i.__mathlib_dbl_invalid) for __mathlib_dbl_invalid
    log2.o(i.__hardfp_log2) refers to frexp.o(i.frexp) for frexp
    log2.o(i.__hardfp_log2) refers to dmul.o(.text) for __aeabi_dmul
    log2.o(i.__hardfp_log2) refers to log.o(i.log) for log
    log2.o(i.__hardfp_log2) refers to ddiv.o(.text) for __aeabi_ddiv
    log2.o(i.__hardfp_log2) refers to dflti.o(.text) for __aeabi_i2d
    log2.o(i.__hardfp_log2) refers to dadd.o(.text) for __aeabi_dadd
    log2.o(i.log2) refers (Special) to iusefp.o(.text) for __I$use$fp
    log2.o(i.log2) refers to cdcmple.o(.text) for __aeabi_cdcmpeq
    log2.o(i.log2) refers to dunder.o(i.__mathlib_dbl_infnan) for __mathlib_dbl_infnan
    log2.o(i.log2) refers to errno.o(i.__set_errno) for __set_errno
    log2.o(i.log2) refers to dunder.o(i.__mathlib_dbl_invalid) for __mathlib_dbl_invalid
    log2.o(i.log2) refers to frexp.o(i.frexp) for frexp
    log2.o(i.log2) refers to dmul.o(.text) for __aeabi_dmul
    log2.o(i.log2) refers to log.o(i.log) for log
    log2.o(i.log2) refers to ddiv.o(.text) for __aeabi_ddiv
    log2.o(i.log2) refers to dflti.o(.text) for __aeabi_i2d
    log2.o(i.log2) refers to dadd.o(.text) for __aeabi_dadd
    entry.o(.ARM.Collect$$$$00000000) refers (Special) to entry10a.o(.ARM.Collect$$$$0000000D) for __rt_final_cpp
[...]
    hadc3                                    0x20001e58   Data          72  lto-llvm-af9222.o(.bss.hadc3)
    [Anonymous Symbol]                       0x20001e58   Section        0  lto-llvm-af9222.o(.bss.hadc3)
    hcan1                                    0x20001ea0   Data          40  lto-llvm-af9222.o(.bss.hcan1)
    [Anonymous Symbol]                       0x20001ea0   Section        0  lto-llvm-af9222.o(.bss.hcan1)
    hcan2                                    0x20001ec8   Data          40  lto-llvm-af9222.o(.bss.hcan2)
    [Anonymous Symbol]                       0x20001ec8   Section        0  lto-llvm-af9222.o(.bss.hcan2)
    hdma_usart1_rx                           0x20001ef0   Data          96  lto-llvm-af9222.o(.bss.hdma_usart1_rx)
    [Anonymous Symbol]                       0x20001ef0   Section        0  lto-llvm-af9222.o(.bss.hdma_usart1_rx)
    hdma_usart1_tx                           0x20001f50   Data          96  lto-llvm-af9222.o(.bss.hdma_usart1_tx)
    [Anonymous Symbol]                       0x20001f50   Section        0  lto-llvm-af9222.o(.bss.hdma_usart1_tx)
    hdma_usart3_rx                           0x20001fb0   Data          96  lto-llvm-af9222.o(.bss.hdma_usart3_rx)
    [Anonymous Symbol]                       0x20001fb0   Section        0  lto-llvm-af9222.o(.bss.hdma_usart3_rx)
    hi2c3                                    0x20002010   Data          84  lto-llvm-af9222.o(.bss.hi2c3)
    [Anonymous Symbol]                       0x20002010   Section        0  lto-llvm-af9222.o(.bss.hi2c3)
    hiwdg                                    0x20002064   Data          12  lto-llvm-af9222.o(.bss.hiwdg)
    [Anonymous Symbol]                       0x20002064   Section        0  lto-llvm-af9222.o(.bss.hiwdg)
    hpcd_USB_OTG_FS                          0x20002070   Data        1032  lto-llvm-af9222.o(.bss.hpcd_USB_OTG_FS)
    [Anonymous Symbol]                       0x20002070   Section        0  lto-llvm-af9222.o(.bss.hpcd_USB_OTG_FS)
    hspi1                                    0x20002478   Data          88  lto-llvm-af9222.o(.bss.hspi1)
    [Anonymous Symbol]                       0x20002478   Section        0  lto-llvm-af9222.o(.bss.hspi1)
    hspi2                                    0x200024d0   Data          88  lto-llvm-af9222.o(.bss.hspi2)
    [Anonymous Symbol]                       0x200024d0   Section        0  lto-llvm-af9222.o(.bss.hspi2)
    htim1                                    0x20002528   Data          64  lto-llvm-af9222.o(.bss.htim1)
    [Anonymous Symbol]                       0x20002528   Section        0  lto-llvm-af9222.o(.bss.htim1)
    htim10                                   0x20002568   Data          64  lto-llvm-af9222.o(.bss.htim10)
    [Anonymous Symbol]                       0x20002568   Section        0  lto-llvm-af9222.o(.bss.htim10)
    htim4                                    0x200025a8   Data          64  lto-llvm-af9222.o(.bss.htim4)
    [Anonymous Symbol]                       0x200025a8   Section        0  lto-llvm-af9222.o(.bss.htim4)
    htim5                                    0x200025e8   Data          64  lto-llvm-af9222.o(.bss.htim5)
    [Anonymous Symbol]                       0x200025e8   Section        0  lto-llvm-af9222.o(.bss.htim5)
    htim8                                    0x20002628   Data          64  lto-llvm-af9222.o(.bss.htim8)
    [Anonymous Symbol]                       0x20002628   Section        0  lto-llvm-af9222.o(.bss.htim8)
    huart1                                   0x20002668   Data          64  lto-llvm-af9222.o(.bss.huart1)
    [Anonymous Symbol]                       0x20002668   Section        0  lto-llvm-af9222.o(.bss.huart1)
    huart3                                   0x200026a8   Data          64  lto-llvm-af9222.o(.bss.huart3)
    [Anonymous Symbol]                       0x200026a8   Section        0  lto-llvm-af9222.o(.bss.huart3)
    huart6                                   0x200026e8   Data          64  lto-llvm-af9222.o(.bss.huart6)
    [Anonymous Symbol]                       0x200026e8   Section        0  lto-llvm-af9222.o(.bss.huart6)
    init_Flag                                0x20002728   Data           1  lto-llvm-af9222.o(.bss.init_Flag)
    [Anonymous Symbol]                       0x20002728   Section        0  lto-llvm-af9222.o(.bss.init_Flag)
    key_last_stamp                           0x2000272c   Data           4  lto-llvm-af9222.o(.bss.key_last_stamp)
    [Anonymous Symbol]                       0x2000272c   Section        0  lto-llvm-af9222.o(.bss.key_last_stamp)
    period                                   0x20002730   Data           1  lto-llvm-af9222.o(.bss.period)
    [Anonymous Symbol]                       0x20002730   Section        0  lto-llvm-af9222.o(.bss.period)
    uwTick                                   0x20002734   Data           4  lto-llvm-af9222.o(.bss.uwTick)
    [Anonymous Symbol]                       0x20002734   Section        0  lto-llvm-af9222.o(.bss.uwTick)
    vccBat                                   0x20002738   Data           4  lto-llvm-af9222.o(.bss.vccBat)
    [Anonymous Symbol]                       0x20002738   Section        0  lto-llvm-af9222.o(.bss.vccBat)
    vccMoni                                  0x2000273c   Data           4  lto-llvm-af9222.o(.bss.vccMoni)
    [Anonymous Symbol]                       0x2000273c   Section        0  lto-llvm-af9222.o(.bss.vccMoni)
    HEAP                                     0x20002740   Section     4096  startup_stm32f407xx.o(HEAP)
    STACK                                    0x20003740   Section     2048  startup_stm32f407xx.o(STACK)

    Global Symbols

    Symbol Name                              Value     Ov Type        Size  Object(Section)

    BuildAttributes$$THM_ISAv4$E$P$D$K$B$S$7EM$VFPi3$EXTD16$VFPS$VFMA$PE$A:L22UL41UL21$X:L11$S22US41US21$IEEE1$IW$~IW$USESV6$~STKCKD$USESV7$~SHL$OTIME$ROPI$IEEEX$EBA8$MICROLIB$REQ8$PRES8$EABIv2 0x00000000   Number         0  anon$$obj.o ABSOLUTE
    _clock_init                               - Undefined Weak Reference
    _microlib_exit                            - Undefined Weak Reference
    __Vectors_Size                           0x00000188   Number         0  startup_stm32f407xx.o ABSOLUTE
    __Vectors                                0x08000000   Data           4  startup_stm32f407xx.o(RESET)
    __dso_handle                             0x08000000   Number         0  startup_stm32f407xx.o(RESET)
    __Vectors_End                            0x08000188   Data           0  startup_stm32f407xx.o(RESET)
    __main                                   0x08000189   Thumb Code     0  entry.o(.ARM.Collect$$$$00000000)
    _main_stk                                0x08000189   Thumb Code     0  entry2.o(.ARM.Collect$$$$00000001)
    _main_scatterload                        0x0800018d   Thumb Code     0  entry5.o(.ARM.Collect$$$$00000004)
    __main_after_scatterload                 0x08000191   Thumb Code     0  entry5.o(.ARM.Collect$$$$00000004)
    _main_clock                              0x08000191   Thumb Code     0  entry7b.o(.ARM.Collect$$$$00000008)
    _main_cpp_init$empty                     0x08000191   Thumb Code     0  entry8a.o(.ARM.Collect$$$$00000009)
    _main_cpp_init                           0x08000195   Thumb Code     0  entry8b.o(.ARM.Collect$$$$0000000A)
    _main_init                               0x08000195   Thumb Code     0  entry9a.o(.ARM.Collect$$$$0000000B)
    __rt_final_cpp                           0x0800019d   Thumb Code     0  entry10a.o(.ARM.Collect$$$$0000000D)
    __rt_final_cpp$nonempty                  0x0800019d   Thumb Code     0  entry10b.o(.ARM.Collect$$$$0000000E)
    __rt_final_exit                          0x080001a1   Thumb Code     0  entry11a.o(.ARM.Collect$$$$0000000F)
    Reset_Handler                            0x080001a5   Thumb Code     8  startup_stm32f407xx.o(.text)
    ADC_IRQHandler                           0x080001bf   Thumb Code     0  startup_stm32f407xx.o(.text)
    CAN1_RX1_IRQHandler                      0x080001bf   Thumb Code     0  startup_stm32f407xx.o(.text)
    CAN1_SCE_IRQHandler                      0x080001bf   Thumb Code     0  startup_stm32f407xx.o(.text)
    CAN1_TX_IRQHandler                       0x080001bf   Thumb Code     0  startup_stm32f407xx.o(.text)
    CAN2_RX1_IRQHandler                      0x080001bf   Thumb Code     0  startup_stm32f407xx.o(.text)
    CAN2_SCE_IRQHandler                      0x080001bf   Thumb Code     0  startup_stm32f407xx.o(.text)
    CAN2_TX_IRQHandler                       0x080001bf   Thumb Code     0  startup_stm32f407xx.o(.text)
    DCMI_IRQHandler                          0x080001bf   Thumb Code     0  startup_stm32f407xx.o(.text)
    DMA1_Stream0_IRQHandler                  0x080001bf   Thumb Code     0  startup_stm32f407xx.o(.text)
    DMA1_Stream2_IRQHandler                  0x080001bf   Thumb Code     0  startup_stm32f407xx.o(.text)
    DMA1_Stream3_IRQHandler                  0x080001bf   Thumb Code     0  startup_stm32f407xx.o(.text)
    DMA1_Stream4_IRQHandler                  0x080001bf   Thumb Code     0  startup_stm32f407xx.o(.text)
    DMA1_Stream5_IRQHandler                  0x080001bf   Thumb Code     0  startup_stm32f407xx.o(.text)
    DMA1_Stream6_IRQHandler                  0x080001bf   Thumb Code     0  startup_stm32f407xx.o(.text)
    DMA1_Stream7_IRQHandler                  0x080001bf   Thumb Code     0  startup_stm32f407xx.o(.text)
    DMA2_Stream0_IRQHandler                  0x080001bf   Thumb Code     0  startup_stm32f407xx.o(.text)
    DMA2_Stream1_IRQHandler                  0x080001bf   Thumb Code     0  startup_stm32f407xx.o(.text)
    DMA2_Stream3_IRQHandler                  0x080001bf   Thumb Code     0  startup_stm32f407xx.o(.text)
    DMA2_Stream4_IRQHandler                  0x080001bf   Thumb Code     0  startup_stm32f407xx.o(.text)
    DMA2_Stream5_IRQHandler                  0x080001bf   Thumb Code     0  startup_stm32f407xx.o(.text)
    DMA2_Stream6_IRQHandler                  0x080001bf   Thumb Code     0  startup_stm32f407xx.o(.text)
    ETH_IRQHandler                           0x080001bf   Thumb Code     0  startup_stm32f407xx.o(.text)
    ETH_WKUP_IRQHandler                      0x080001bf   Thumb Code     0  startup_stm32f407xx.o(.text)
    EXTI15_10_IRQHandler                     0x080001bf   Thumb Code     0  startup_stm32f407xx.o(.text)
    EXTI1_IRQHandler                         0x080001bf   Thumb Code     0  startup_stm32f407xx.o(.text)
    EXTI2_IRQHandler                         0x080001bf   Thumb Code     0  startup_stm32f407xx.o(.text)
    EXTI4_IRQHandler                         0x080001bf   Thumb Code     0  startup_stm32f407xx.o(.text)
    EXTI9_5_IRQHandler                       0x080001bf   Thumb Code     0  startup_stm32f407xx.o(.text)
    FLASH_IRQHandler                         0x080001bf   Thumb Code     0  startup_stm32f407xx.o(.text)
    FMC_IRQHandler                           0x080001bf   Thumb Code     0  startup_stm32f407xx.o(.text)
    FPU_IRQHandler                           0x080001bf   Thumb Code     0  startup_stm32f407xx.o(.text)
    HASH_RNG_IRQHandler                      0x080001bf   Thumb Code     0  startup_stm32f407xx.o(.text)
    I2C1_ER_IRQHandler                       0x080001bf   Thumb Code     0  startup_stm32f407xx.o(.text)
    I2C1_EV_IRQHandler                       0x080001bf   Thumb Code     0  startup_stm32f407xx.o(.text)
    I2C2_ER_IRQHandler                       0x080001bf   Thumb Code     0  startup_stm32f407xx.o(.text)
    I2C2_EV_IRQHandler                       0x080001bf   Thumb Code     0  startup_stm32f407xx.o(.text)
    I2C3_ER_IRQHandler                       0x080001bf   Thumb Code     0  startup_stm32f407xx.o(.text)
    I2C3_EV_IRQHandler                       0x080001bf   Thumb Code     0  startup_stm32f407xx.o(.text)
    OTG_FS_WKUP_IRQHandler                   0x080001bf   Thumb Code     0  startup_stm32f407xx.o(.text)
    OTG_HS_EP1_IN_IRQHandler                 0x080001bf   Thumb Code     0  startup_stm32f407xx.o(.text)
    OTG_HS_EP1_OUT_IRQHandler                0x080001bf   Thumb Code     0  startup_stm32f407xx.o(.text)
    OTG_HS_IRQHandler                        0x080001bf   Thumb Code     0  startup_stm32f407xx.o(.text)
    OTG_HS_WKUP_IRQHandler                   0x080001bf   Thumb Code     0  startup_stm32f407xx.o(.text)
    PVD_IRQHandler                           0x080001bf   Thumb Code     0  startup_stm32f407xx.o(.text)
    RCC_IRQHandler                           0x080001bf   Thumb Code     0  startup_stm32f407xx.o(.text)
    RTC_Alarm_IRQHandler                     0x080001bf   Thumb Code     0  startup_stm32f407xx.o(.text)
    RTC_WKUP_IRQHandler                      0x080001bf   Thumb Code     0  startup_stm32f407xx.o(.text)
    SDIO_IRQHandler                          0x080001bf   Thumb Code     0  startup_stm32f407xx.o(.text)
    SPI1_IRQHandler                          0x080001bf   Thumb Code     0  startup_stm32f407xx.o(.text)
    SPI2_IRQHandler                          0x080001bf   Thumb Code     0  startup_stm32f407xx.o(.text)
    SPI3_IRQHandler                          0x080001bf   Thumb Code     0  startup_stm32f407xx.o(.text)
    TAMP_STAMP_IRQHandler                    0x080001bf   Thumb Code     0  startup_stm32f407xx.o(.text)
    TIM1_BRK_TIM9_IRQHandler                 0x080001bf   Thumb Code     0  startup_stm32f407xx.o(.text)
    TIM1_CC_IRQHandler                       0x080001bf   Thumb Code     0  startup_stm32f407xx.o(.text)
    TIM1_TRG_COM_TIM11_IRQHandler            0x080001bf   Thumb Code     0  startup_stm32f407xx.o(.text)
    TIM2_IRQHandler                          0x080001bf   Thumb Code     0  startup_stm32f407xx.o(.text)
    TIM3_IRQHandler                          0x080001bf   Thumb Code     0  startup_stm32f407xx.o(.text)
    TIM4_IRQHandler                          0x080001bf   Thumb Code     0  startup_stm32f407xx.o(.text)
    TIM5_IRQHandler                          0x080001bf   Thumb Code     0  startup_stm32f407xx.o(.text)
    TIM6_DAC_IRQHandler                      0x080001bf   Thumb Code     0  startup_stm32f407xx.o(.text)
    TIM7_IRQHandler                          0x080001bf   Thumb Code     0  startup_stm32f407xx.o(.text)
    TIM8_BRK_TIM12_IRQHandler                0x080001bf   Thumb Code     0  startup_stm32f407xx.o(.text)
    TIM8_CC_IRQHandler                       0x080001bf   Thumb Code     0  startup_stm32f407xx.o(.text)
    TIM8_TRG_COM_TIM14_IRQHandler            0x080001bf   Thumb Code     0  startup_stm32f407xx.o(.text)
    TIM8_UP_TIM13_IRQHandler                 0x080001bf   Thumb Code     0  startup_stm32f407xx.o(.text)
    UART4_IRQHandler                         0x080001bf   Thumb Code     0  startup_stm32f407xx.o(.text)
    UART5_IRQHandler                         0x080001bf   Thumb Code     0  startup_stm32f407xx.o(.text)
    USART2_IRQHandler                        0x080001bf   Thumb Code     0  startup_stm32f407xx.o(.text)
    WWDG_IRQHandler                          0x080001bf   Thumb Code     0  startup_stm32f407xx.o(.text)
    __cxa_atexit                             0x080001c9   Thumb Code    10  cxa_atexit.o(.text)
    __aeabi_uldivmod                         0x080001d3   Thumb Code    98  uldiv.o(.text)
    __aeabi_memcpy                           0x08000235   Thumb Code    36  memcpya.o(.text)
    __aeabi_memcpy4                          0x08000235   Thumb Code     0  memcpya.o(.text)
    __aeabi_memcpy8                          0x08000235   Thumb Code     0  memcpya.o(.text)
    __I$use$fp                               0x08000259   Thumb Code     0  iusefp.o(.text)
    __aeabi_atexit                           0x08000259   Thumb Code    46  aeabi_atexit.o(.text)
    __aeabi_dadd                             0x08000287   Thumb Code   322  dadd.o(.text)
    __aeabi_dsub                             0x080003c9   Thumb Code     6  dadd.o(.text)
    __aeabi_drsub                            0x080003cf   Thumb Code     6  dadd.o(.text)
    __aeabi_dmul                             0x080003d5   Thumb Code   228  dmul.o(.text)
    __aeabi_ddiv                             0x080004b9   Thumb Code   222  ddiv.o(.text)
    __aeabi_i2d                              0x08000597   Thumb Code    34  dflti.o(.text)
    __aeabi_cdcmpeq                          0x080005b9   Thumb Code     0  cdcmple.o(.text)
    __aeabi_cdcmple                          0x080005b9   Thumb Code    48  cdcmple.o(.text)
    __scatterload                            0x080005e9   Thumb Code    28  init.o(.text)
    __scatterload_rt2                        0x080005e9   Thumb Code     0  init.o(.text)
    __aeabi_llsl                             0x0800060d   Thumb Code    30  llshl.o(.text)
    _ll_shift_l                              0x0800060d   Thumb Code     0  llshl.o(.text)
    __aeabi_llsr                             0x0800062b   Thumb Code    32  llushr.o(.text)
    _ll_ushift_r                             0x0800062b   Thumb Code     0  llushr.o(.text)
    __aeabi_lasr                             0x0800064b   Thumb Code    36  llsshr.o(.text)
    _ll_sshift_r                             0x0800064b   Thumb Code     0  llsshr.o(.text)
    __rt_ddtor_pointer_addr                  0x08000671   Thumb Code     4  cpp_dtor.o(.text)
    __cxa_finalize                           0x08000679   Thumb Code    66  cxa_finalize.o(.text)
    _double_round                            0x080006bb   Thumb Code    30  depilogue.o(.text)
    _double_epilogue                         0x080006d9   Thumb Code   156  depilogue.o(.text)
    __rt_lib_shutdown_cpp_2                  0x08000775   Thumb Code     2  cpp_final.o(.text)
    __aeabi_memset                           0x08000777   Thumb Code    14  memseta.o(.text)
    __aeabi_memset4                          0x08000777   Thumb Code     0  memseta.o(.text)
    __aeabi_memset8                          0x08000777   Thumb Code     0  memseta.o(.text)
    __aeabi_memclr                           0x08000785   Thumb Code     4  memseta.o(.text)
    __aeabi_memclr4                          0x08000785   Thumb Code     0  memseta.o(.text)
    __aeabi_memclr8                          0x08000785   Thumb Code     0  memseta.o(.text)
    _memset$wrapper                          0x08000789   Thumb Code    18  memseta.o(.text)
    __cpp_initialize__aeabi_                 0x0800079d   Thumb Code    24  cpp_init.o(.text)
    __aeabi_ui2d                             0x080007bd   Thumb Code    26  dfltui.o(.text)
    __aeabi_d2uiz                            0x080007d7   Thumb Code    50  dfixui.o(.text)
    __aeabi_f2d                              0x08000809   Thumb Code    38  f2d.o(.text)
    __aeabi_d2f                              0x0800082f   Thumb Code    56  d2f.o(.text)
    _float_round                             0x08000867   Thumb Code    18  fepilogue.o(.text)
    _float_epilogue                          0x08000879   Thumb Code    92  fepilogue.o(.text)
    __decompress                             0x080008d5   Thumb Code     0  __dczerorl2.o(.text)
    __decompress1                            0x080008d5   Thumb Code    86  __dczerorl2.o(.text)
    BusFault_Handler                         0x08000ab9   Thumb Code     4  lto-llvm-af9222.o(.text.BusFault_Handler)
    CAN1_RX0_IRQHandler                      0x08000abd   Thumb Code    16  lto-llvm-af9222.o(.text.CAN1_RX0_IRQHandler)
    CAN2_RX0_IRQHandler                      0x08000acd   Thumb Code    16  lto-llvm-af9222.o(.text.CAN2_RX0_IRQHandler)
    DMA1_Stream1_IRQHandler                  0x08000b69   Thumb Code    16  lto-llvm-af9222.o(.text.DMA1_Stream1_IRQHandler)
    DMA2_Stream2_IRQHandler                  0x08000b79   Thumb Code    16  lto-llvm-af9222.o(.text.DMA2_Stream2_IRQHandler)
    DMA2_Stream7_IRQHandler                  0x08000b89   Thumb Code    16  lto-llvm-af9222.o(.text.DMA2_Stream7_IRQHandler)
    DebugMon_Handler                         0x08000cd5   Thumb Code     2  lto-llvm-af9222.o(.text.DebugMon_Handler)
    EXTI0_IRQHandler                         0x08000cd9   Thumb Code    10  lto-llvm-af9222.o(.text.EXTI0_IRQHandler)
    EXTI3_IRQHandler                         0x08000ce5   Thumb Code    10  lto-llvm-af9222.o(.text.EXTI3_IRQHandler)
    HardFault_Handler                        0x08006141   Thumb Code     4  lto-llvm-af9222.o(.text.HardFault_Handler)
    MemManage_Handler                        0x08006cd9   Thumb Code     4  lto-llvm-af9222.o(.text.MemManage_Handler)
    NMI_Handler                              0x08006cdd   Thumb Code     2  lto-llvm-af9222.o(.text.NMI_Handler)
    OTG_FS_IRQHandler                        0x08006d45   Thumb Code     8  lto-llvm-af9222.o(.text.OTG_FS_IRQHandler)
    PendSV_Handler                           0x08007115   Thumb Code     2  lto-llvm-af9222.o(.text.PendSV_Handler)
    SVC_Handler                              0x08007119   Thumb Code     2  lto-llvm-af9222.o(.text.SVC_Handler)
    SysTick_Handler                          0x08007171   Thumb Code     8  lto-llvm-af9222.o(.text.SysTick_Handler)
    SystemInit                               0x08007239   Thumb Code   110  lto-llvm-af9222.o(.text.SystemInit)
    TIM1_UP_TIM10_IRQHandler                 0x080072a9   Thumb Code    28  lto-llvm-af9222.o(.text.TIM1_UP_TIM10_IRQHandler)
    USART1_IRQHandler                        0x08007cf9   Thumb Code    16  lto-llvm-af9222.o(.text.USART1_IRQHandler)
    USART3_IRQHandler                        0x08007d09   Thumb Code     8  lto-llvm-af9222.o(.text.USART3_IRQHandler)
    USART6_IRQHandler                        0x08007d11   Thumb Code    16  lto-llvm-af9222.o(.text.USART6_IRQHandler)
    UsageFault_Handler                       0x0800a9a1   Thumb Code     4  lto-llvm-af9222.o(.text.UsageFault_Handler)
    __cxa_pure_virtual                       0x0800c019   Thumb Code     8  cxa_virtual.cpp.o(.text.__cxa_pure_virtual)
    abort_message                            0x0800c159   Thumb Code     4  abort_message.cpp.o(.text.abort_message)
    main                                     0x0800c15d   Thumb Code   178  lto-llvm-af9222.o(.text.main)
    __hardfp_log                             0x0800c211   Thumb Code   872  log.o(i.__hardfp_log)
    __hardfp_log2                            0x0800c5d9   Thumb Code   220  log2.o(i.__hardfp_log2)
    __kernel_poly                            0x0800c6d9   Thumb Code   248  poly.o(i.__kernel_poly)
    __mathlib_dbl_divzero                    0x0800c7d1   Thumb Code    28  dunder.o(i.__mathlib_dbl_divzero)
    __mathlib_dbl_infnan                     0x0800c801   Thumb Code    20  dunder.o(i.__mathlib_dbl_infnan)
    __mathlib_dbl_invalid                    0x0800c819   Thumb Code    24  dunder.o(i.__mathlib_dbl_invalid)
    __scatterload_copy                       0x0800c839   Thumb Code    14  handlers.o(i.__scatterload_copy)
    __scatterload_null                       0x0800c847   Thumb Code     2  handlers.o(i.__scatterload_null)
    __scatterload_zeroinit                   0x0800c849   Thumb Code    14  handlers.o(i.__scatterload_zeroinit)
    __set_errno                              0x0800c859   Thumb Code     6  errno.o(i.__set_errno)
    free                                     0x0800c865   Thumb Code    76  malloc.o(i.free)
    frexp                                    0x0800c8b9   Thumb Code   118  frexp.o(i.frexp)
    log                                      0x0800c945   Thumb Code    16  log.o(i.log)
    malloc                                   0x0800c955   Thumb Code    92  malloc.o(i.malloc)
    __mathlib_zero                           0x0800c9f8   Data           8  qnan.o(.constdata)
    Region$$Table$$Base                      0x0800cacc   Number         0  anon$$obj.o(Region$$Table)
    Region$$Table$$Limit                     0x0800caec   Number         0  anon$$obj.o(Region$$Table)
    SHT$$INIT_ARRAY$$Base                    0x0800caec   Number         0  lto-llvm-af9222.o(.init_array)
    SHT$$INIT_ARRAY$$Limit                   0x0800caf4   Number         0  cpp_init.o(.init_array)
    __microlib_freelist                      0x20000000   Data           4  mvars.o(.data)
    __microlib_freelist_initialised          0x20000004   Data           4  mvars.o(.data)
    __heap_base                              0x20002740   Data           0  startup_stm32f407xx.o(HEAP)
    __heap_limit                             0x20003740   Data           0  startup_stm32f407xx.o(HEAP)
    __initial_sp                             0x20003f40   Data           0  startup_stm32f407xx.o(STACK)



==============================================================================

Memory Map of the image

  Image Entry point : 0x08000189

  Load Region LR_IROM1 (Base: 0x08000000, Size: 0x0000cd58, Max: 0x00100000, ABSOLUTE, COMPRESSED[0x0000cbe8])

    Execution Region ER_IROM1 (Exec base: 0x08000000, Load base: 0x08000000, Size: 0x0000caf4, Max: 0x00100000, ABSOLUTE)

    Exec Addr    Load Addr    Size         Type   Attr      Idx    E Section Name        Object

    0x08000000   0x08000000   0x00000188   Data   RO            3    RESET               startup_stm32f407xx.o
    0x08000188   0x08000188   0x00000000   Code   RO           74  * .ARM.Collect$$$$00000000  mc_w.l(entry.o)
    0x08000188   0x08000188   0x00000004   Code   RO          166    .ARM.Collect$$$$00000001  mc_w.l(entry2.o)
    0x0800018c   0x0800018c   0x00000004   Code   RO          169    .ARM.Collect$$$$00000004  mc_w.l(entry5.o)
    0x08000190   0x08000190   0x00000000   Code   RO          171    .ARM.Collect$$$$00000008  mc_w.l(entry7b.o)
    0x08000190   0x08000190   0x00000004   Code   RO          172    .ARM.Collect$$$$00000009  mc_w.l(entry8a.o)
    0x08000194   0x08000194   0x00000000   Code   RO          173    .ARM.Collect$$$$0000000A  mc_w.l(entry8b.o)
    0x08000194   0x08000194   0x00000008   Code   RO          174    .ARM.Collect$$$$0000000B  mc_w.l(entry9a.o)
    0x0800019c   0x0800019c   0x00000000   Code   RO          176    .ARM.Collect$$$$0000000D  mc_w.l(entry10a.o)
    0x0800019c   0x0800019c   0x00000004   Code   RO          177    .ARM.Collect$$$$0000000E  mc_w.l(entry10b.o)
    0x080001a0   0x080001a0   0x00000000   Code   RO          178    .ARM.Collect$$$$0000000F  mc_w.l(entry11a.o)
    0x080001a0   0x080001a0   0x00000004   Code   RO          167    .ARM.Collect$$$$00002712  mc_w.l(entry2.o)
    0x080001a4   0x080001a4   0x00000024   Code   RO            4    .text               startup_stm32f407xx.o
    0x080001c8   0x080001c8   0x0000000a   Code   RO          133    .text               mc_w.l(cxa_atexit.o)
    0x080001d2   0x080001d2   0x00000062   Code   RO          196    .text               mc_w.l(uldiv.o)
    0x08000234   0x08000234   0x00000024   Code   RO          198    .text               mc_w.l(memcpya.o)
    0x08000258   0x08000258   0x00000000   Code   RO          211    .text               mc_w.l(iusefp.o)
    0x08000258   0x08000258   0x0000002e   Code   RO          212    .text               mc_w.l(aeabi_atexit.o)
    0x08000286   0x08000286   0x0000014e   Code   RO          214    .text               mf_w.l(dadd.o)
    0x080003d4   0x080003d4   0x000000e4   Code   RO          216    .text               mf_w.l(dmul.o)
    0x080004b8   0x080004b8   0x000000de   Code   RO          218    .text               mf_w.l(ddiv.o)
    0x08000596   0x08000596   0x00000022   Code   RO          220    .text               mf_w.l(dflti.o)
    0x080005b8   0x080005b8   0x00000030   Code   RO          224    .text               mf_w.l(cdcmple.o)
    0x080005e8   0x080005e8   0x00000024   Code   RO          231    .text               mc_w.l(init.o)
    0x0800060c   0x0800060c   0x0000001e   Code   RO          234    .text               mc_w.l(llshl.o)
    0x0800062a   0x0800062a   0x00000020   Code   RO          236    .text               mc_w.l(llushr.o)
    0x0800064a   0x0800064a   0x00000024   Code   RO          238    .text               mc_w.l(llsshr.o)
    0x0800066e   0x0800066e   0x00000002   PAD
    0x08000670   0x08000670   0x00000008   Code   RO          243    .text               mc_w.l(cpp_dtor.o)
    0x08000678   0x08000678   0x00000042   Code   RO          246    .text               mc_w.l(cxa_finalize.o)
    0x080006ba   0x080006ba   0x000000ba   Code   RO          248    .text               mf_w.l(depilogue.o)
    0x08000774   0x08000774   0x00000002   Code   RO          252    .text               mc_w.l(cpp_final.o)
    0x08000776   0x08000776   0x00000024   Code   RO         1013    .text               mc_w.l(memseta.o)
    0x0800079a   0x0800079a   0x00000002   PAD
    0x0800079c   0x0800079c   0x00000020   Code   RO         1018    .text               mc_w.l(cpp_init.o)
    0x080007bc   0x080007bc   0x0000001a   Code   RO         1020    .text               mf_w.l(dfltui.o)
    0x080007d6   0x080007d6   0x00000032   Code   RO         1022    .text               mf_w.l(dfixui.o)
    0x08000808   0x08000808   0x00000026   Code   RO         1024    .text               mf_w.l(f2d.o)
    0x0800082e   0x0800082e   0x00000038   Code   RO         1026    .text               mf_w.l(d2f.o)
    0x08000866   0x08000866   0x0000006e   Code   RO         1032    .text               mf_w.l(fepilogue.o)
    0x080008d4   0x080008d4   0x00000056   Code   RO         1042    .text               mc_w.l(__dczerorl2.o)
    0x0800092a   0x0800092a   0x00000002   PAD
    0x0800092c   0x0800092c   0x0000018a   Code   RO          543    .text.ADC_Init      lto-llvm-af9222.o
    0x08000ab6   0x08000ab6   0x00000002   PAD
    0x08000ab8   0x08000ab8   0x00000004   Code   RO          281    .text.BusFault_Handler  lto-llvm-af9222.o
    0x08000abc   0x08000abc   0x00000010   Code   RO          299    .text.CAN1_RX0_IRQHandler  lto-llvm-af9222.o
    0x08000acc   0x08000acc   0x00000010   Code   RO          307    .text.CAN2_RX0_IRQHandler  lto-llvm-af9222.o
    0x08000adc   0x08000adc   0x00000056   Code   RO          357    .text.CDC_Control_FS  lto-llvm-af9222.o
    0x08000b32   0x08000b32   0x00000002   PAD
    0x08000b34   0x08000b34   0x00000004   Code   RO          355    .text.CDC_DeInit_FS  lto-llvm-af9222.o
    0x08000b38   0x08000b38   0x00000016   Code   RO          353    .text.CDC_Init_FS   lto-llvm-af9222.o
    0x08000b4e   0x08000b4e   0x00000002   PAD
    0x08000b50   0x08000b50   0x00000018   Code   RO          359    .text.CDC_Receive_FS  lto-llvm-af9222.o
    0x08000b68   0x08000b68   0x00000010   Code   RO          297    .text.DMA1_Stream1_IRQHandler  lto-llvm-af9222.o
    0x08000b78   0x08000b78   0x00000010   Code   RO          305    .text.DMA2_Stream2_IRQHandler  lto-llvm-af9222.o
    0x08000b88   0x08000b88   0x00000010   Code   RO          311    .text.DMA2_Stream7_IRQHandler  lto-llvm-af9222.o
    0x08000b98   0x08000b98   0x00000056   Code   RO          505    .text.DMA_CalcBaseAndBitshift  lto-llvm-af9222.o
    0x08000bee   0x08000bee   0x00000002   PAD
    0x08000bf0   0x08000bf0   0x000000e4   Code   RO          503    .text.DMA_CheckFifoParam  lto-llvm-af9222.o
    0x08000cd4   0x08000cd4   0x00000002   Code   RO          287    .text.DebugMon_Handler  lto-llvm-af9222.o
    0x08000cd6   0x08000cd6   0x00000002   PAD
    0x08000cd8   0x08000cd8   0x0000000a   Code   RO          293    .text.EXTI0_IRQHandler  lto-llvm-af9222.o
    0x08000ce2   0x08000ce2   0x00000002   PAD
    0x08000ce4   0x08000ce4   0x0000000a   Code   RO          295    .text.EXTI3_IRQHandler  lto-llvm-af9222.o
    0x08000cee   0x08000cee   0x00000002   PAD
    0x08000cf0   0x08000cf0   0x0000005a   Code   RO          423    .text.Get_SerialNum  lto-llvm-af9222.o
    0x08000d4a   0x08000d4a   0x00000002   PAD
    0x08000d4c   0x08000d4c   0x0000021c   Code   RO          553    .text.HAL_ADC_ConfigChannel  lto-llvm-af9222.o
    0x08000f68   0x08000f68   0x0000000e   Code   RO          551    .text.HAL_ADC_GetValue  lto-llvm-af9222.o
    0x08000f76   0x08000f76   0x00000002   PAD
    0x08000f78   0x08000f78   0x000000a8   Code   RO          541    .text.HAL_ADC_Init  lto-llvm-af9222.o
    0x08001020   0x08001020   0x000000c2   Code   RO          321    .text.HAL_ADC_MspInit  lto-llvm-af9222.o
    0x080010e2   0x080010e2   0x00000002   PAD
    0x080010e4   0x080010e4   0x00000116   Code   RO          549    .text.HAL_ADC_PollForConversion  lto-llvm-af9222.o
    0x080011fa   0x080011fa   0x00000002   PAD
    0x080011fc   0x080011fc   0x000001b6   Code   RO          545    .text.HAL_ADC_Start  lto-llvm-af9222.o
    0x080013b2   0x080013b2   0x00000002   PAD
    0x080013b4   0x080013b4   0x00000070   Code   RO          547    .text.HAL_ADC_Stop  lto-llvm-af9222.o
    0x08001424   0x08001424   0x00000050   Code   RO          587    .text.HAL_CAN_ActivateNotification  lto-llvm-af9222.o
    0x08001474   0x08001474   0x00000170   Code   RO          583    .text.HAL_CAN_AddTxMessage  lto-llvm-af9222.o
    0x080015e4   0x080015e4   0x000001aa   Code   RO          579    .text.HAL_CAN_ConfigFilter  lto-llvm-af9222.o
    0x0800178e   0x0800178e   0x00000002   PAD
    0x08001790   0x08001790   0x00000008   Code   RO          613    .text.HAL_CAN_ErrorCallback  lto-llvm-af9222.o
    0x08001798   0x08001798   0x000001ee   Code   RO          585    .text.HAL_CAN_GetRxMessage  lto-llvm-af9222.o
    0x08001986   0x08001986   0x00000002   PAD
    0x08001988   0x08001988   0x000003e2   Code   RO          589    .text.HAL_CAN_IRQHandler  lto-llvm-af9222.o
    0x08001d6a   0x08001d6a   0x00000002   PAD
    0x08001d6c   0x08001d6c   0x000001da   Code   RO          577    .text.HAL_CAN_Init  lto-llvm-af9222.o
    0x08001f46   0x08001f46   0x00000002   PAD
    0x08001f48   0x08001f48   0x00000178   Code   RO          337    .text.HAL_CAN_MspInit  lto-llvm-af9222.o
    0x080020c0   0x080020c0   0x00000008   Code   RO          603    .text.HAL_CAN_RxFifo0FullCallback  lto-llvm-af9222.o
    0x080020c8   0x080020c8   0x00000010   Code   RO          893    .text.HAL_CAN_RxFifo0MsgPendingCallback  lto-llvm-af9222.o
    0x080020d8   0x080020d8   0x00000008   Code   RO          605    .text.HAL_CAN_RxFifo1FullCallback  lto-llvm-af9222.o
    0x080020e0   0x080020e0   0x00000008   Code   RO          607    .text.HAL_CAN_RxFifo1MsgPendingCallback  lto-llvm-af9222.o
    0x080020e8   0x080020e8   0x00000008   Code   RO          609    .text.HAL_CAN_SleepCallback  lto-llvm-af9222.o
    0x080020f0   0x080020f0   0x00000086   Code   RO          581    .text.HAL_CAN_Start  lto-llvm-af9222.o
    0x08002176   0x08002176   0x00000002   PAD
    0x08002178   0x08002178   0x00000008   Code   RO          593    .text.HAL_CAN_TxMailbox0AbortCallback  lto-llvm-af9222.o
    0x08002180   0x08002180   0x00000008   Code   RO          591    .text.HAL_CAN_TxMailbox0CompleteCallback  lto-llvm-af9222.o
    0x08002188   0x08002188   0x00000008   Code   RO          597    .text.HAL_CAN_TxMailbox1AbortCallback  lto-llvm-af9222.o
    0x08002190   0x08002190   0x00000008   Code   RO          595    .text.HAL_CAN_TxMailbox1CompleteCallback  lto-llvm-af9222.o
    0x08002198   0x08002198   0x00000008   Code   RO          601    .text.HAL_CAN_TxMailbox2AbortCallback  lto-llvm-af9222.o
    0x080021a0   0x080021a0   0x00000008   Code   RO          599    .text.HAL_CAN_TxMailbox2CompleteCallback  lto-llvm-af9222.o
    0x080021a8   0x080021a8   0x00000008   Code   RO          611    .text.HAL_CAN_WakeUpFromRxMsgCallback  lto-llvm-af9222.o
    0x080021b0   0x080021b0   0x00000044   Code   RO          507    .text.HAL_DMA_Abort_IT  lto-llvm-af9222.o
    0x080021f4   0x080021f4   0x0000032c   Code   RO          509    .text.HAL_DMA_IRQHandler  lto-llvm-af9222.o
    0x08002520   0x08002520   0x0000016e   Code   RO          501    .text.HAL_DMA_Init  lto-llvm-af9222.o
    0x0800268e   0x0800268e   0x00000002   PAD
    0x08002690   0x08002690   0x00000038   Code   RO          539    .text.HAL_Delay     lto-llvm-af9222.o
    0x080026c8   0x080026c8   0x00000084   Code   RO          863    .text.HAL_GPIO_EXTI_Callback  lto-llvm-af9222.o
    0x0800274c   0x0800274c   0x00000038   Code   RO          499    .text.HAL_GPIO_EXTI_IRQHandler  lto-llvm-af9222.o
    0x08002784   0x08002784   0x00000398   Code   RO          493    .text.HAL_GPIO_Init  lto-llvm-af9222.o
    0x08002b1c   0x08002b1c   0x00000036   Code   RO          495    .text.HAL_GPIO_ReadPin  lto-llvm-af9222.o
    0x08002b52   0x08002b52   0x00000002   PAD
    0x08002b54   0x08002b54   0x00000030   Code   RO          497    .text.HAL_GPIO_WritePin  lto-llvm-af9222.o
    0x08002b84   0x08002b84   0x0000000c   Code   RO          537    .text.HAL_GetTick   lto-llvm-af9222.o
    0x08002b90   0x08002b90   0x0000027a   Code   RO          615    .text.HAL_I2C_Init  lto-llvm-af9222.o
    0x08002e0a   0x08002e0a   0x00000002   PAD
    0x08002e0c   0x08002e0c   0x000000da   Code   RO          341    .text.HAL_I2C_MspInit  lto-llvm-af9222.o
    0x08002ee6   0x08002ee6   0x00000002   PAD
    0x08002ee8   0x08002ee8   0x00000084   Code   RO          619    .text.HAL_IWDG_Init  lto-llvm-af9222.o
    0x08002f6c   0x08002f6c   0x0000001a   Code   RO          621    .text.HAL_IWDG_Refresh  lto-llvm-af9222.o
    0x08002f86   0x08002f86   0x00000002   PAD
    0x08002f88   0x08002f88   0x00000010   Code   RO          535    .text.HAL_IncTick   lto-llvm-af9222.o
    0x08002f98   0x08002f98   0x00000032   Code   RO          531    .text.HAL_Init      lto-llvm-af9222.o
    0x08002fca   0x08002fca   0x00000002   PAD
    0x08002fcc   0x08002fcc   0x00000062   Code   RO          533    .text.HAL_InitTick  lto-llvm-af9222.o
    0x0800302e   0x0800302e   0x00000002   PAD
    0x08003030   0x08003030   0x0000004a   Code   RO          315    .text.HAL_MspInit   lto-llvm-af9222.o
    0x0800307a   0x0800307a   0x00000002   PAD
    0x0800307c   0x0800307c   0x00000014   Code   RO          523    .text.HAL_NVIC_EnableIRQ  lto-llvm-af9222.o
    0x08003090   0x08003090   0x00000030   Code   RO          515    .text.HAL_NVIC_SetPriority  lto-llvm-af9222.o
    0x080030c0   0x080030c0   0x00000012   Code   RO          511    .text.HAL_NVIC_SetPriorityGrouping  lto-llvm-af9222.o
    0x080030d2   0x080030d2   0x00000002   PAD
    0x080030d4   0x080030d4   0x0000000e   Code   RO          655    .text.HAL_PCDEx_LPM_Callback  lto-llvm-af9222.o
    0x080030e2   0x080030e2   0x00000002   PAD
    0x080030e4   0x080030e4   0x00000020   Code   RO          653    .text.HAL_PCDEx_SetRxFiFo  lto-llvm-af9222.o
    0x08003104   0x08003104   0x000000a2   Code   RO          651    .text.HAL_PCDEx_SetTxFiFo  lto-llvm-af9222.o
    0x080031a6   0x080031a6   0x00000002   PAD
    0x080031a8   0x080031a8   0x00000014   Code   RO          381    .text.HAL_PCD_ConnectCallback  lto-llvm-af9222.o
    0x080031bc   0x080031bc   0x00000026   Code   RO          367    .text.HAL_PCD_DataInStageCallback  lto-llvm-af9222.o
    0x080031e2   0x080031e2   0x00000002   PAD
    0x080031e4   0x080031e4   0x00000028   Code   RO          365    .text.HAL_PCD_DataOutStageCallback  lto-llvm-af9222.o
    0x0800320c   0x0800320c   0x00000014   Code   RO          383    .text.HAL_PCD_DisconnectCallback  lto-llvm-af9222.o
    0x08003220   0x08003220   0x000000a8   Code   RO          639    .text.HAL_PCD_EP_Close  lto-llvm-af9222.o
    0x080032c8   0x080032c8   0x000000c8   Code   RO          649    .text.HAL_PCD_EP_ClrStall  lto-llvm-af9222.o
    0x08003390   0x08003390   0x00000022   Code   RO          643    .text.HAL_PCD_EP_GetRxCount  lto-llvm-af9222.o
    0x080033b2   0x080033b2   0x00000002   PAD
    0x080033b4   0x080033b4   0x000000ea   Code   RO          637    .text.HAL_PCD_EP_Open  lto-llvm-af9222.o
    0x0800349e   0x0800349e   0x00000002   PAD
    0x080034a0   0x080034a0   0x00000084   Code   RO          641    .text.HAL_PCD_EP_Receive  lto-llvm-af9222.o
    0x08003524   0x08003524   0x000000de   Code   RO          647    .text.HAL_PCD_EP_SetStall  lto-llvm-af9222.o
    0x08003602   0x08003602   0x00000002   PAD
    0x08003604   0x08003604   0x00000084   Code   RO          645    .text.HAL_PCD_EP_Transmit  lto-llvm-af9222.o
    0x08003688   0x08003688   0x00000652   Code   RO          627    .text.HAL_PCD_IRQHandler  lto-llvm-af9222.o
    0x08003cda   0x08003cda   0x00000002   PAD
    0x08003cdc   0x08003cdc   0x0000001c   Code   RO          379    .text.HAL_PCD_ISOINIncompleteCallback  lto-llvm-af9222.o
    0x08003cf8   0x08003cf8   0x0000001c   Code   RO          377    .text.HAL_PCD_ISOOUTIncompleteCallback  lto-llvm-af9222.o
    0x08003d14   0x08003d14   0x0000029a   Code   RO          623    .text.HAL_PCD_Init  lto-llvm-af9222.o
    0x08003fae   0x08003fae   0x00000002   PAD
    0x08003fb0   0x08003fb0   0x000000ac   Code   RO          361    .text.HAL_PCD_MspInit  lto-llvm-af9222.o
    0x0800405c   0x0800405c   0x00000052   Code   RO          371    .text.HAL_PCD_ResetCallback  lto-llvm-af9222.o
    0x080040ae   0x080040ae   0x00000002   PAD
    0x080040b0   0x080040b0   0x00000014   Code   RO          375    .text.HAL_PCD_ResumeCallback  lto-llvm-af9222.o
    0x080040c4   0x080040c4   0x00000014   Code   RO          369    .text.HAL_PCD_SOFCallback  lto-llvm-af9222.o
    0x080040d8   0x080040d8   0x0000005e   Code   RO          635    .text.HAL_PCD_SetAddress  lto-llvm-af9222.o
    0x08004136   0x08004136   0x00000002   PAD
    0x08004138   0x08004138   0x00000018   Code   RO          363    .text.HAL_PCD_SetupStageCallback  lto-llvm-af9222.o
    0x08004150   0x08004150   0x0000007a   Code   RO          625    .text.HAL_PCD_Start  lto-llvm-af9222.o
    0x080041ca   0x080041ca   0x00000002   PAD
    0x080041cc   0x080041cc   0x0000003e   Code   RO          373    .text.HAL_PCD_SuspendCallback  lto-llvm-af9222.o
    0x0800420a   0x0800420a   0x00000002   PAD
    0x0800420c   0x0800420c   0x00000264   Code   RO          483    .text.HAL_RCC_ClockConfig  lto-llvm-af9222.o
    0x08004470   0x08004470   0x0000000c   Code   RO          487    .text.HAL_RCC_GetHCLKFreq  lto-llvm-af9222.o
    0x0800447c   0x0800447c   0x00000022   Code   RO          489    .text.HAL_RCC_GetPCLK1Freq  lto-llvm-af9222.o
    0x0800449e   0x0800449e   0x00000002   PAD
    0x080044a0   0x080044a0   0x00000022   Code   RO          491    .text.HAL_RCC_GetPCLK2Freq  lto-llvm-af9222.o
    0x080044c2   0x080044c2   0x00000002   PAD
    0x080044c4   0x080044c4   0x000000de   Code   RO          485    .text.HAL_RCC_GetSysClockFreq  lto-llvm-af9222.o
    0x080045a2   0x080045a2   0x00000002   PAD
    0x080045a4   0x080045a4   0x000006a4   Code   RO          481    .text.HAL_RCC_OscConfig  lto-llvm-af9222.o
    0x08004c48   0x08004c48   0x000000ba   Code   RO          617    .text.HAL_SPI_Init  lto-llvm-af9222.o
    0x08004d02   0x08004d02   0x00000002   PAD
    0x08004d04   0x08004d04   0x00000198   Code   RO          347    .text.HAL_SPI_MspInit  lto-llvm-af9222.o
    0x08004e9c   0x08004e9c   0x00000010   Code   RO          527    .text.HAL_SYSTICK_Config  lto-llvm-af9222.o
    0x08004eac   0x08004eac   0x00000008   Code   RO          479    .text.HAL_TIMEx_BreakCallback  lto-llvm-af9222.o
    0x08004eb4   0x08004eb4   0x00000008   Code   RO          473    .text.HAL_TIMEx_CommutCallback  lto-llvm-af9222.o
    0x08004ebc   0x08004ebc   0x000000b2   Code   RO          477    .text.HAL_TIMEx_ConfigBreakDeadTime  lto-llvm-af9222.o
    0x08004f6e   0x08004f6e   0x00000002   PAD
    0x08004f70   0x08004f70   0x00000122   Code   RO          475    .text.HAL_TIMEx_MasterConfigSynchronization  lto-llvm-af9222.o
    0x08005092   0x08005092   0x00000002   PAD
    0x08005094   0x08005094   0x00000058   Code   RO          427    .text.HAL_TIM_Base_Init  lto-llvm-af9222.o
    0x080050ec   0x080050ec   0x0000013a   Code   RO          273    .text.HAL_TIM_Base_MspInit  lto-llvm-af9222.o
    0x08005226   0x08005226   0x00000002   PAD
    0x08005228   0x08005228   0x00000036   Code   RO          431    .text.HAL_TIM_Base_Start_IT  lto-llvm-af9222.o
    0x0800525e   0x0800525e   0x00000002   PAD
    0x08005260   0x08005260   0x00000162   Code   RO          465    .text.HAL_TIM_ConfigClockSource  lto-llvm-af9222.o
    0x080053c2   0x080053c2   0x00000002   PAD
    0x080053c4   0x080053c4   0x00000008   Code   RO          445    .text.HAL_TIM_IC_CaptureCallback  lto-llvm-af9222.o
    0x080053cc   0x080053cc   0x0000027a   Code   RO          447    .text.HAL_TIM_IRQHandler  lto-llvm-af9222.o
    0x08005646   0x08005646   0x00000002   PAD
    0x08005648   0x08005648   0x000001b2   Code   RO          263    .text.HAL_TIM_MspPostInit  lto-llvm-af9222.o
    0x080057fa   0x080057fa   0x00000002   PAD
    0x080057fc   0x080057fc   0x00000008   Code   RO          449    .text.HAL_TIM_OC_DelayElapsedCallback  lto-llvm-af9222.o
    0x08005804   0x08005804   0x00000140   Code   RO          461    .text.HAL_TIM_PWM_ConfigChannel  lto-llvm-af9222.o
    0x08005944   0x08005944   0x00000058   Code   RO          437    .text.HAL_TIM_PWM_Init  lto-llvm-af9222.o
    0x0800599c   0x0800599c   0x00000008   Code   RO          439    .text.HAL_TIM_PWM_MspInit  lto-llvm-af9222.o
    0x080059a4   0x080059a4   0x00000008   Code   RO          435    .text.HAL_TIM_PWM_PulseFinishedCallback  lto-llvm-af9222.o
    0x080059ac   0x080059ac   0x00000076   Code   RO          441    .text.HAL_TIM_PWM_Start  lto-llvm-af9222.o
    0x08005a22   0x08005a22   0x00000002   PAD
    0x08005a24   0x08005a24   0x000000b8   Code   RO          443    .text.HAL_TIM_PWM_Stop  lto-llvm-af9222.o
    0x08005adc   0x08005adc   0x000000a0   Code   RO          861    .text.HAL_TIM_PeriodElapsedCallback  lto-llvm-af9222.o
    0x08005b7c   0x08005b7c   0x00000008   Code   RO          451    .text.HAL_TIM_TriggerCallback  lto-llvm-af9222.o
    0x08005b84   0x08005b84   0x00000008   Code   RO          561    .text.HAL_UART_ErrorCallback  lto-llvm-af9222.o
    0x08005b8c   0x08005b8c   0x00000208   Code   RO          567    .text.HAL_UART_IRQHandler  lto-llvm-af9222.o
    0x08005d94   0x08005d94   0x0000009a   Code   RO          555    .text.HAL_UART_Init  lto-llvm-af9222.o
    0x08005e2e   0x08005e2e   0x00000002   PAD
    0x08005e30   0x08005e30   0x000002fe   Code   RO          329    .text.HAL_UART_MspInit  lto-llvm-af9222.o
    0x0800612e   0x0800612e   0x00000002   PAD
    0x08006130   0x08006130   0x00000008   Code   RO          565    .text.HAL_UART_RxCpltCallback  lto-llvm-af9222.o
    0x08006138   0x08006138   0x00000008   Code   RO          563    .text.HAL_UART_TxCpltCallback  lto-llvm-af9222.o
    0x08006140   0x08006140   0x00000004   Code   RO          277    .text.HardFault_Handler  lto-llvm-af9222.o
    0x08006144   0x08006144   0x0000007a   Code   RO          425    .text.IntToUnicode  lto-llvm-af9222.o
    0x080061be   0x080061be   0x00000002   PAD
    0x080061c0   0x080061c0   0x0000007c   Code   RO          317    .text.MX_ADC1_Init  lto-llvm-af9222.o
    0x0800623c   0x0800623c   0x0000007c   Code   RO          319    .text.MX_ADC3_Init  lto-llvm-af9222.o
    0x080062b8   0x080062b8   0x00000046   Code   RO          333    .text.MX_CAN1_Init  lto-llvm-af9222.o
    0x080062fe   0x080062fe   0x00000002   PAD
    0x08006300   0x08006300   0x00000046   Code   RO          335    .text.MX_CAN2_Init  lto-llvm-af9222.o
    0x08006346   0x08006346   0x00000002   PAD
    0x08006348   0x08006348   0x00000076   Code   RO          331    .text.MX_DMA_Init   lto-llvm-af9222.o
    0x080063be   0x080063be   0x00000002   PAD
    0x080063c0   0x080063c0   0x00000238   Code   RO          259    .text.MX_GPIO_Init  lto-llvm-af9222.o
    0x080065f8   0x080065f8   0x00000042   Code   RO          339    .text.MX_I2C3_Init  lto-llvm-af9222.o
    0x0800663a   0x0800663a   0x00000002   PAD
    0x0800663c   0x0800663c   0x0000002e   Code   RO          349    .text.MX_IWDG_Init  lto-llvm-af9222.o
    0x0800666a   0x0800666a   0x00000002   PAD
    0x0800666c   0x0800666c   0x0000004c   Code   RO          343    .text.MX_SPI1_Init  lto-llvm-af9222.o
    0x080066b8   0x080066b8   0x00000048   Code   RO          345    .text.MX_SPI2_Init  lto-llvm-af9222.o
    0x08006700   0x08006700   0x00000036   Code   RO          271    .text.MX_TIM10_Init  lto-llvm-af9222.o
    0x08006736   0x08006736   0x00000002   PAD
    0x08006738   0x08006738   0x00000176   Code   RO          261    .text.MX_TIM1_Init  lto-llvm-af9222.o
    0x080068ae   0x080068ae   0x00000002   PAD
    0x080068b0   0x080068b0   0x000000d6   Code   RO          265    .text.MX_TIM4_Init  lto-llvm-af9222.o
    0x08006986   0x08006986   0x00000002   PAD
    0x08006988   0x08006988   0x00000110   Code   RO          267    .text.MX_TIM5_Init  lto-llvm-af9222.o
    0x08006a98   0x08006a98   0x00000154   Code   RO          269    .text.MX_TIM8_Init  lto-llvm-af9222.o
    0x08006bec   0x08006bec   0x0000003a   Code   RO          323    .text.MX_USART1_UART_Init  lto-llvm-af9222.o
    0x08006c26   0x08006c26   0x00000002   PAD
    0x08006c28   0x08006c28   0x0000003e   Code   RO          325    .text.MX_USART3_UART_Init  lto-llvm-af9222.o
    0x08006c66   0x08006c66   0x00000002   PAD
    0x08006c68   0x08006c68   0x0000003a   Code   RO          327    .text.MX_USART6_UART_Init  lto-llvm-af9222.o
    0x08006ca2   0x08006ca2   0x00000002   PAD
    0x08006ca4   0x08006ca4   0x00000034   Code   RO          351    .text.MX_USB_DEVICE_Init  lto-llvm-af9222.o
    0x08006cd8   0x08006cd8   0x00000004   Code   RO          279    .text.MemManage_Handler  lto-llvm-af9222.o
    0x08006cdc   0x08006cdc   0x00000002   Code   RO          275    .text.NMI_Handler   lto-llvm-af9222.o
    0x08006cde   0x08006cde   0x00000002   PAD
    0x08006ce0   0x08006ce0   0x00000062   Code   RO          519    .text.NVIC_EncodePriority  lto-llvm-af9222.o
    0x08006d42   0x08006d42   0x00000002   PAD
    0x08006d44   0x08006d44   0x00000008   Code   RO          309    .text.OTG_FS_IRQHandler  lto-llvm-af9222.o
    0x08006d4c   0x08006d4c   0x000000c4   Code   RO          631    .text.PCD_EP_OutSetupPacket_int  lto-llvm-af9222.o
    0x08006e10   0x08006e10   0x000001da   Code   RO          629    .text.PCD_EP_OutXfrComplete_int  lto-llvm-af9222.o
    0x08006fea   0x08006fea   0x00000002   PAD
    0x08006fec   0x08006fec   0x00000128   Code   RO          633    .text.PCD_WriteEmptyTxFifo  lto-llvm-af9222.o
    0x08007114   0x08007114   0x00000002   Code   RO          289    .text.PendSV_Handler  lto-llvm-af9222.o
    0x08007116   0x08007116   0x00000002   PAD
    0x08007118   0x08007118   0x00000002   Code   RO          285    .text.SVC_Handler   lto-llvm-af9222.o
    0x0800711a   0x0800711a   0x00000002   PAD
    0x0800711c   0x0800711c   0x00000052   Code   RO          529    .text.SysTick_Config  lto-llvm-af9222.o
    0x0800716e   0x0800716e   0x00000002   PAD
    0x08007170   0x08007170   0x00000008   Code   RO          291    .text.SysTick_Handler  lto-llvm-af9222.o
    0x08007178   0x08007178   0x000000be   Code   RO          255    .text.SystemClock_Config  lto-llvm-af9222.o
    0x08007236   0x08007236   0x00000002   PAD
    0x08007238   0x08007238   0x0000006e   Code   RO          717    .text.SystemInit    lto-llvm-af9222.o
    0x080072a6   0x080072a6   0x00000002   PAD
    0x080072a8   0x080072a8   0x0000001c   Code   RO          301    .text.TIM1_UP_TIM10_IRQHandler  lto-llvm-af9222.o
    0x080072c4   0x080072c4   0x0000019a   Code   RO          429    .text.TIM_Base_SetConfig  lto-llvm-af9222.o
    0x0800745e   0x0800745e   0x00000002   PAD
    0x08007460   0x08007460   0x00000038   Code   RO          433    .text.TIM_CCxChannelCmd  lto-llvm-af9222.o
    0x08007498   0x08007498   0x00000034   Code   RO          463    .text.TIM_ETR_SetConfig  lto-llvm-af9222.o
    0x080074cc   0x080074cc   0x0000002a   Code   RO          469    .text.TIM_ITRx_SetConfig  lto-llvm-af9222.o
    0x080074f6   0x080074f6   0x00000002   PAD
    0x080074f8   0x080074f8   0x000000ea   Code   RO          453    .text.TIM_OC1_SetConfig  lto-llvm-af9222.o
    0x080075e2   0x080075e2   0x00000002   PAD
    0x080075e4   0x080075e4   0x000000f4   Code   RO          455    .text.TIM_OC2_SetConfig  lto-llvm-af9222.o
    0x080076d8   0x080076d8   0x000000f2   Code   RO          457    .text.TIM_OC3_SetConfig  lto-llvm-af9222.o
    0x080077ca   0x080077ca   0x00000002   PAD
    0x080077cc   0x080077cc   0x000000a4   Code   RO          459    .text.TIM_OC4_SetConfig  lto-llvm-af9222.o
    0x08007870   0x08007870   0x00000050   Code   RO          467    .text.TIM_TI1_ConfigInputStage  lto-llvm-af9222.o
    0x080078c0   0x080078c0   0x00000052   Code   RO          471    .text.TIM_TI2_ConfigInputStage  lto-llvm-af9222.o
    0x08007912   0x08007912   0x00000002   PAD
    0x08007914   0x08007914   0x00000020   Code   RO          571    .text.UART_DMAAbortOnError  lto-llvm-af9222.o
    0x08007934   0x08007934   0x00000028   Code   RO          559    .text.UART_EndRxTransfer  lto-llvm-af9222.o
    0x0800795c   0x0800795c   0x00000024   Code   RO          575    .text.UART_EndTransmit_IT  lto-llvm-af9222.o
    0x08007980   0x08007980   0x000000ea   Code   RO          569    .text.UART_Receive_IT  lto-llvm-af9222.o
    0x08007a6a   0x08007a6a   0x00000002   PAD
    0x08007a6c   0x08007a6c   0x000001ee   Code   RO          557    .text.UART_SetConfig  lto-llvm-af9222.o
    0x08007c5a   0x08007c5a   0x00000002   PAD
    0x08007c5c   0x08007c5c   0x0000009c   Code   RO          573    .text.UART_Transmit_IT  lto-llvm-af9222.o
    0x08007cf8   0x08007cf8   0x00000010   Code   RO          303    .text.USART1_IRQHandler  lto-llvm-af9222.o
    0x08007d08   0x08007d08   0x00000008   Code   RO          911    .text.USART3_IRQHandler  lto-llvm-af9222.o
    0x08007d10   0x08007d10   0x00000010   Code   RO          313    .text.USART6_IRQHandler  lto-llvm-af9222.o
    0x08007d20   0x08007d20   0x000000a4   Code   RO          803    .text.USBD_CDC_DataIn  lto-llvm-af9222.o
    0x08007dc4   0x08007dc4   0x00000058   Code   RO          805    .text.USBD_CDC_DataOut  lto-llvm-af9222.o
    0x08007e1c   0x08007e1c   0x00000066   Code   RO          797    .text.USBD_CDC_DeInit  lto-llvm-af9222.o
    0x08007e82   0x08007e82   0x00000002   PAD
    0x08007e84   0x08007e84   0x00000048   Code   RO          801    .text.USBD_CDC_EP0_RxReady  lto-llvm-af9222.o
    0x08007ecc   0x08007ecc   0x00000016   Code   RO          813    .text.USBD_CDC_GetDeviceQualifierDescriptor  lto-llvm-af9222.o
    0x08007ee2   0x08007ee2   0x00000002   PAD
    0x08007ee4   0x08007ee4   0x00000016   Code   RO          809    .text.USBD_CDC_GetFSCfgDesc  lto-llvm-af9222.o
    0x08007efa   0x08007efa   0x00000002   PAD
    0x08007efc   0x08007efc   0x00000016   Code   RO          807    .text.USBD_CDC_GetHSCfgDesc  lto-llvm-af9222.o
    0x08007f12   0x08007f12   0x00000002   PAD
    0x08007f14   0x08007f14   0x00000016   Code   RO          811    .text.USBD_CDC_GetOtherSpeedCfgDesc  lto-llvm-af9222.o
    0x08007f2a   0x08007f2a   0x00000002   PAD
    0x08007f2c   0x08007f2c   0x000000f2   Code   RO          795    .text.USBD_CDC_Init  lto-llvm-af9222.o
    0x0800801e   0x0800801e   0x00000002   PAD
    0x08008020   0x08008020   0x00000062   Code   RO          821    .text.USBD_CDC_ReceivePacket  lto-llvm-af9222.o
    0x08008082   0x08008082   0x00000002   PAD
    0x08008084   0x08008084   0x0000003a   Code   RO          815    .text.USBD_CDC_RegisterInterface  lto-llvm-af9222.o
    0x080080be   0x080080be   0x00000002   PAD
    0x080080c0   0x080080c0   0x00000022   Code   RO          819    .text.USBD_CDC_SetRxBuffer  lto-llvm-af9222.o
    0x080080e2   0x080080e2   0x00000002   PAD
    0x080080e4   0x080080e4   0x0000003a   Code   RO          817    .text.USBD_CDC_SetTxBuffer  lto-llvm-af9222.o
    0x0800811e   0x0800811e   0x00000002   PAD
    0x08008120   0x08008120   0x00000150   Code   RO          799    .text.USBD_CDC_Setup  lto-llvm-af9222.o
    0x08008270   0x08008270   0x0000001c   Code   RO          729    .text.USBD_ClrClassConfig  lto-llvm-af9222.o
    0x0800828c   0x0800828c   0x00000040   Code   RO          769    .text.USBD_ClrFeature  lto-llvm-af9222.o
    0x080082cc   0x080082cc   0x0000001e   Code   RO          789    .text.USBD_CtlContinueRx  lto-llvm-af9222.o
    0x080082ea   0x080082ea   0x00000002   PAD
    0x080082ec   0x080082ec   0x0000001e   Code   RO          785    .text.USBD_CtlContinueSendData  lto-llvm-af9222.o
    0x0800830a   0x0800830a   0x00000002   PAD
    0x0800830c   0x0800830c   0x0000001c   Code   RO          771    .text.USBD_CtlError  lto-llvm-af9222.o
    0x08008328   0x08008328   0x0000003a   Code   RO          787    .text.USBD_CtlPrepareRx  lto-llvm-af9222.o
    0x08008362   0x08008362   0x00000002   PAD
    0x08008364   0x08008364   0x0000001e   Code   RO          793    .text.USBD_CtlReceiveStatus  lto-llvm-af9222.o
    0x08008382   0x08008382   0x00000002   PAD
    0x08008384   0x08008384   0x00000036   Code   RO          783    .text.USBD_CtlSendData  lto-llvm-af9222.o
    0x080083ba   0x080083ba   0x00000002   PAD
    0x080083bc   0x080083bc   0x0000001e   Code   RO          791    .text.USBD_CtlSendStatus  lto-llvm-af9222.o
    0x080083da   0x080083da   0x00000002   PAD
    0x080083dc   0x080083dc   0x0000003e   Code   RO          419    .text.USBD_FS_ConfigStrDescriptor  lto-llvm-af9222.o
    0x0800841a   0x0800841a   0x00000002   PAD
    0x0800841c   0x0800841c   0x0000001a   Code   RO          409    .text.USBD_FS_DeviceDescriptor  lto-llvm-af9222.o
    0x08008436   0x08008436   0x00000002   PAD
    0x08008438   0x08008438   0x0000003e   Code   RO          421    .text.USBD_FS_InterfaceStrDescriptor  lto-llvm-af9222.o
    0x08008476   0x08008476   0x00000002   PAD
    0x08008478   0x08008478   0x0000001a   Code   RO          411    .text.USBD_FS_LangIDStrDescriptor  lto-llvm-af9222.o
    0x08008492   0x08008492   0x00000002   PAD
    0x08008494   0x08008494   0x00000024   Code   RO          413    .text.USBD_FS_ManufacturerStrDescriptor  lto-llvm-af9222.o
    0x080084b8   0x080084b8   0x0000003e   Code   RO          415    .text.USBD_FS_ProductStrDescriptor  lto-llvm-af9222.o
    0x080084f6   0x080084f6   0x00000002   PAD
    0x080084f8   0x080084f8   0x00000020   Code   RO          417    .text.USBD_FS_SerialStrDescriptor  lto-llvm-af9222.o
    0x08008518   0x08008518   0x00000060   Code   RO          763    .text.USBD_GetConfig  lto-llvm-af9222.o
    0x08008578   0x08008578   0x000001ac   Code   RO          757    .text.USBD_GetDescriptor  lto-llvm-af9222.o
    0x08008724   0x08008724   0x0000002e   Code   RO          781    .text.USBD_GetLen   lto-llvm-af9222.o
    0x08008752   0x08008752   0x00000002   PAD
    0x08008754   0x08008754   0x00000062   Code   RO          765    .text.USBD_GetStatus  lto-llvm-af9222.o
    0x080087b6   0x080087b6   0x00000002   PAD
    0x080087b8   0x080087b8   0x00000088   Code   RO          779    .text.USBD_GetString  lto-llvm-af9222.o
    0x08008840   0x08008840   0x0000004c   Code   RO          387    .text.USBD_Get_USB_Status  lto-llvm-af9222.o
    0x0800888c   0x0800888c   0x00000076   Code   RO          719    .text.USBD_Init     lto-llvm-af9222.o
    0x08008902   0x08008902   0x00000002   PAD
    0x08008904   0x08008904   0x00000036   Code   RO          397    .text.USBD_LL_ClearStallEP  lto-llvm-af9222.o
    0x0800893a   0x0800893a   0x00000002   PAD
    0x0800893c   0x0800893c   0x00000036   Code   RO          393    .text.USBD_LL_CloseEP  lto-llvm-af9222.o
    0x08008972   0x08008972   0x00000002   PAD
    0x08008974   0x08008974   0x0000015e   Code   RO          735    .text.USBD_LL_DataInStage  lto-llvm-af9222.o
    0x08008ad2   0x08008ad2   0x00000002   PAD
    0x08008ad4   0x08008ad4   0x000000f2   Code   RO          733    .text.USBD_LL_DataOutStage  lto-llvm-af9222.o
    0x08008bc6   0x08008bc6   0x00000002   PAD
    0x08008bc8   0x08008bc8   0x00000008   Code   RO          751    .text.USBD_LL_DevConnected  lto-llvm-af9222.o
    0x08008bd0   0x08008bd0   0x0000001e   Code   RO          753    .text.USBD_LL_DevDisconnected  lto-llvm-af9222.o
    0x08008bee   0x08008bee   0x00000002   PAD
    0x08008bf0   0x08008bf0   0x0000001c   Code   RO          407    .text.USBD_LL_GetRxDataSize  lto-llvm-af9222.o
    0x08008c0c   0x08008c0c   0x00000068   Code   RO          385    .text.USBD_LL_Init  lto-llvm-af9222.o
    0x08008c74   0x08008c74   0x0000005c   Code   RO          399    .text.USBD_LL_IsStallEP  lto-llvm-af9222.o
    0x08008cd0   0x08008cd0   0x0000000c   Code   RO          747    .text.USBD_LL_IsoINIncomplete  lto-llvm-af9222.o
    0x08008cdc   0x08008cdc   0x0000000c   Code   RO          749    .text.USBD_LL_IsoOUTIncomplete  lto-llvm-af9222.o
    0x08008ce8   0x08008ce8   0x00000046   Code   RO          391    .text.USBD_LL_OpenEP  lto-llvm-af9222.o
    0x08008d2e   0x08008d2e   0x00000002   PAD
    0x08008d30   0x08008d30   0x00000042   Code   RO          405    .text.USBD_LL_PrepareReceive  lto-llvm-af9222.o
    0x08008d72   0x08008d72   0x00000002   PAD
    0x08008d74   0x08008d74   0x0000006a   Code   RO          737    .text.USBD_LL_Reset  lto-llvm-af9222.o
    0x08008dde   0x08008dde   0x00000002   PAD
    0x08008de0   0x08008de0   0x00000012   Code   RO          743    .text.USBD_LL_Resume  lto-llvm-af9222.o
    0x08008df2   0x08008df2   0x00000002   PAD
    0x08008df4   0x08008df4   0x00000030   Code   RO          745    .text.USBD_LL_SOF   lto-llvm-af9222.o
    0x08008e24   0x08008e24   0x00000014   Code   RO          739    .text.USBD_LL_SetSpeed  lto-llvm-af9222.o
    0x08008e38   0x08008e38   0x00000036   Code   RO          401    .text.USBD_LL_SetUSBAddress  lto-llvm-af9222.o
    0x08008e6e   0x08008e6e   0x00000002   PAD
    0x08008e70   0x08008e70   0x00000078   Code   RO          731    .text.USBD_LL_SetupStage  lto-llvm-af9222.o
    0x08008ee8   0x08008ee8   0x00000036   Code   RO          395    .text.USBD_LL_StallEP  lto-llvm-af9222.o
    0x08008f1e   0x08008f1e   0x00000002   PAD
    0x08008f20   0x08008f20   0x0000002e   Code   RO          389    .text.USBD_LL_Start  lto-llvm-af9222.o
    0x08008f4e   0x08008f4e   0x00000002   PAD
    0x08008f50   0x08008f50   0x0000001a   Code   RO          741    .text.USBD_LL_Suspend  lto-llvm-af9222.o
    0x08008f6a   0x08008f6a   0x00000002   PAD
    0x08008f6c   0x08008f6c   0x00000042   Code   RO          403    .text.USBD_LL_Transmit  lto-llvm-af9222.o
    0x08008fae   0x08008fae   0x00000002   PAD
    0x08008fb0   0x08008fb0   0x00000044   Code   RO          777    .text.USBD_ParseSetupRequest  lto-llvm-af9222.o
    0x08008ff4   0x08008ff4   0x00000042   Code   RO          721    .text.USBD_RegisterClass  lto-llvm-af9222.o
    0x08009036   0x08009036   0x00000002   PAD
    0x08009038   0x08009038   0x00000008   Code   RO          725    .text.USBD_RunTestMode  lto-llvm-af9222.o
    0x08009040   0x08009040   0x0000008c   Code   RO          759    .text.USBD_SetAddress  lto-llvm-af9222.o
    0x080090cc   0x080090cc   0x0000003e   Code   RO          727    .text.USBD_SetClassConfig  lto-llvm-af9222.o
    0x0800910a   0x0800910a   0x00000002   PAD
    0x0800910c   0x0800910c   0x00000132   Code   RO          761    .text.USBD_SetConfig  lto-llvm-af9222.o
    0x0800923e   0x0800923e   0x00000002   PAD
    0x08009240   0x08009240   0x00000026   Code   RO          767    .text.USBD_SetFeature  lto-llvm-af9222.o
    0x08009266   0x08009266   0x00000002   PAD
    0x08009268   0x08009268   0x00000018   Code   RO          723    .text.USBD_Start    lto-llvm-af9222.o
    0x08009280   0x08009280   0x000000aa   Code   RO          755    .text.USBD_StdDevReq  lto-llvm-af9222.o
    0x0800932a   0x0800932a   0x00000002   PAD
    0x0800932c   0x0800932c   0x00000304   Code   RO          775    .text.USBD_StdEPReq  lto-llvm-af9222.o
    0x08009630   0x08009630   0x0000008e   Code   RO          773    .text.USBD_StdItfReq  lto-llvm-af9222.o
    0x080096be   0x080096be   0x00000002   PAD
    0x080096c0   0x080096c0   0x000000dc   Code   RO          679    .text.USB_ActivateEndpoint  lto-llvm-af9222.o
    0x0800979c   0x0800979c   0x0000004a   Code   RO          713    .text.USB_ActivateSetup  lto-llvm-af9222.o
    0x080097e6   0x080097e6   0x00000002   PAD
    0x080097e8   0x080097e8   0x000000f6   Code   RO          657    .text.USB_CoreInit  lto-llvm-af9222.o
    0x080098de   0x080098de   0x00000002   PAD
    0x080098e0   0x080098e0   0x0000007e   Code   RO          659    .text.USB_CoreReset  lto-llvm-af9222.o
    0x0800995e   0x0800995e   0x00000002   PAD
    0x08009960   0x08009960   0x000000c2   Code   RO          681    .text.USB_DeactivateEndpoint  lto-llvm-af9222.o
    0x08009a22   0x08009a22   0x00000002   PAD
    0x08009a24   0x08009a24   0x00000022   Code   RO          697    .text.USB_DevConnect  lto-llvm-af9222.o
    0x08009a46   0x08009a46   0x00000002   PAD
    0x08009a48   0x08009a48   0x00000022   Code   RO          699    .text.USB_DevDisconnect  lto-llvm-af9222.o
    0x08009a6a   0x08009a6a   0x00000002   PAD
    0x08009a6c   0x08009a6c   0x000002d6   Code   RO          669    .text.USB_DevInit   lto-llvm-af9222.o
    0x08009d42   0x08009d42   0x00000002   PAD
    0x08009d44   0x08009d44   0x00000012   Code   RO          665    .text.USB_DisableGlobalInt  lto-llvm-af9222.o
    0x08009d56   0x08009d56   0x00000002   PAD
    0x08009d58   0x08009d58   0x000001ee   Code   RO          687    .text.USB_EP0StartXfer  lto-llvm-af9222.o
    0x08009f46   0x08009f46   0x00000002   PAD
    0x08009f48   0x08009f48   0x0000009a   Code   RO          715    .text.USB_EP0_OutStart  lto-llvm-af9222.o
    0x08009fe2   0x08009fe2   0x00000002   PAD
    0x08009fe4   0x08009fe4   0x0000009e   Code   RO          693    .text.USB_EPClearStall  lto-llvm-af9222.o
    0x0800a082   0x0800a082   0x00000002   PAD
    0x0800a084   0x0800a084   0x000000a6   Code   RO          691    .text.USB_EPSetStall  lto-llvm-af9222.o
    0x0800a12a   0x0800a12a   0x00000002   PAD
    0x0800a12c   0x0800a12c   0x0000035e   Code   RO          683    .text.USB_EPStartXfer  lto-llvm-af9222.o
    0x0800a48a   0x0800a48a   0x00000002   PAD
    0x0800a48c   0x0800a48c   0x00000012   Code   RO          663    .text.USB_EnableGlobalInt  lto-llvm-af9222.o
    0x0800a49e   0x0800a49e   0x00000002   PAD
    0x0800a4a0   0x0800a4a0   0x0000004c   Code   RO          675    .text.USB_FlushRxFifo  lto-llvm-af9222.o
    0x0800a4ec   0x0800a4ec   0x00000054   Code   RO          673    .text.USB_FlushTxFifo  lto-llvm-af9222.o
    0x0800a540   0x0800a540   0x0000004c   Code   RO          677    .text.USB_GetDevSpeed  lto-llvm-af9222.o
    0x0800a58c   0x0800a58c   0x00000010   Code   RO          711    .text.USB_GetMode   lto-llvm-af9222.o
    0x0800a59c   0x0800a59c   0x00000024   Code   RO          705    .text.USB_ReadDevAllInEpInterrupt  lto-llvm-af9222.o
    0x0800a5c0   0x0800a5c0   0x00000024   Code   RO          703    .text.USB_ReadDevAllOutEpInterrupt  lto-llvm-af9222.o
    0x0800a5e4   0x0800a5e4   0x0000004e   Code   RO          709    .text.USB_ReadDevInEPInterrupt  lto-llvm-af9222.o
    0x0800a632   0x0800a632   0x00000002   PAD
    0x0800a634   0x0800a634   0x0000002e   Code   RO          707    .text.USB_ReadDevOutEPInterrupt  lto-llvm-af9222.o
    0x0800a662   0x0800a662   0x00000002   PAD
    0x0800a664   0x0800a664   0x0000001a   Code   RO          701    .text.USB_ReadInterrupts  lto-llvm-af9222.o
    0x0800a67e   0x0800a67e   0x00000002   PAD
    0x0800a680   0x0800a680   0x0000004c   Code   RO          689    .text.USB_ReadPacket  lto-llvm-af9222.o
    0x0800a6cc   0x0800a6cc   0x0000005c   Code   RO          667    .text.USB_SetCurrentMode  lto-llvm-af9222.o
    0x0800a728   0x0800a728   0x00000034   Code   RO          695    .text.USB_SetDevAddress  lto-llvm-af9222.o
    0x0800a75c   0x0800a75c   0x00000020   Code   RO          671    .text.USB_SetDevSpeed  lto-llvm-af9222.o
    0x0800a77c   0x0800a77c   0x000001b8   Code   RO          661    .text.USB_SetTurnaroundTime  lto-llvm-af9222.o
    0x0800a934   0x0800a934   0x0000006a   Code   RO          685    .text.USB_WritePacket  lto-llvm-af9222.o
    0x0800a99e   0x0800a99e   0x00000002   PAD
    0x0800a9a0   0x0800a9a0   0x00000004   Code   RO          283    .text.UsageFault_Handler  lto-llvm-af9222.o
    0x0800a9a4   0x0800a9a4   0x00000016   Code   RO          823    .text._GLOBAL__sub_I_ChassisTask.cpp  lto-llvm-af9222.o
    0x0800a9ba   0x0800a9ba   0x00000002   PAD
    0x0800a9bc   0x0800a9bc   0x0000000e   Code   RO          841    .text._GLOBAL__sub_I_UserTask.cpp  lto-llvm-af9222.o
    0x0800a9ca   0x0800a9ca   0x00000002   PAD
    0x0800a9cc   0x0800a9cc   0x00000094   Code   RO          839    .text._Z10CtrlHandlev  lto-llvm-af9222.o
    0x0800aa60   0x0800aa60   0x0000001c   Code   RO          851    .text._Z10UserHandlev  lto-llvm-af9222.o
    0x0800aa7c   0x0800aa7c   0x00000034   Code   RO          837    .text._Z11ChassisStopv  lto-llvm-af9222.o
    0x0800aab0   0x0800aab0   0x00000036   Code   RO          835    .text._Z13ChassisHandlev  lto-llvm-af9222.o
    0x0800aae6   0x0800aae6   0x00000002   PAD
    0x0800aae8   0x0800aae8   0x0000006a   Code   RO          853    .text._Z13aRGB_led_showj  lto-llvm-af9222.o
    0x0800ab52   0x0800ab52   0x00000002   PAD
    0x0800ab54   0x0800ab54   0x00000022   Code   RO          859    .text._Z14bsp_flash_readP12flash_data_t  lto-llvm-af9222.o
    0x0800ab76   0x0800ab76   0x00000002   PAD
    0x0800ab78   0x0800ab78   0x00000174   Code   RO          855    .text._Z15aRGB_led_changej  lto-llvm-af9222.o
    0x0800acec   0x0800acec   0x000001b8   Code   RO          857    .text._Z15bsp_ADC_vccMoniv  lto-llvm-af9222.o
    0x0800aea4   0x0800aea4   0x00000018   Code   RO          875    .text._Z4log2B6v16000IjENSt3__29enable_ifIXsr3std11is_integralIT_EE5valueEdE4typeES2_  lto-llvm-af9222.o
    0x0800aebc   0x0800aebc   0x00000014   Code   RO          847    .text._Z8UserStopv  lto-llvm-af9222.o
    0x0800aed0   0x0800aed0   0x0000013c   Code   RO          907    .text._ZN13RemoteControl10sbus_to_rcEPVKh  lto-llvm-af9222.o
    0x0800b00c   0x0800b00c   0x000000a2   Code   RO          905    .text._ZN13RemoteControl4initEv  lto-llvm-af9222.o
    0x0800b0ae   0x0800b0ae   0x00000002   PAD
    0x0800b0b0   0x0800b0b0   0x00000174   Code   RO          909    .text._ZN13RemoteControl8ITHandleEv  lto-llvm-af9222.o
    0x0800b224   0x0800b224   0x0000022c   Code   RO          877    .text._ZN3PID7PIDCalcEff  lto-llvm-af9222.o
    0x0800b450   0x0800b450   0x00000008   Code   RO          869    .text._ZN5Motor11ErrorHandleEv  lto-llvm-af9222.o
    0x0800b458   0x0800b458   0x0000006e   Code   RO          873    .text._ZN5Motor13IntensityCalcEv  lto-llvm-af9222.o
    0x0800b4c6   0x0800b4c6   0x00000002   PAD
    0x0800b4c8   0x0800b4c8   0x0000016c   Code   RO          881    .text._ZN5Motor14CANPackageSendEv  lto-llvm-af9222.o
    0x0800b634   0x0800b634   0x000001f0   Code   RO          871    .text._ZN5Motor16MotorStateUpdateEv  lto-llvm-af9222.o
    0x0800b824   0x0800b824   0x0000005a   Code   RO          879    .text._ZN5Motor4InitEv  lto-llvm-af9222.o
    0x0800b87e   0x0800b87e   0x00000002   PAD
    0x0800b880   0x0800b880   0x0000000e   Code   RO          891    .text._ZN5Motor4StopEv  lto-llvm-af9222.o
    0x0800b88e   0x0800b88e   0x00000002   PAD
    0x0800b890   0x0800b890   0x00000062   Code   RO          867    .text._ZN5Motor6HandleEv  lto-llvm-af9222.o
    0x0800b8f2   0x0800b8f2   0x00000002   PAD
    0x0800b8f4   0x0800b8f4   0x000000b4   Code   RO          889    .text._ZN5Motor9IT_HandleEP19__CAN_HandleTypeDef  lto-llvm-af9222.o
    0x0800b9a8   0x0800b9a8   0x000000c8   Code   RO          885    .text._ZN5MotorC2EjP12MOTOR_INIT_t  lto-llvm-af9222.o
    0x0800ba70   0x0800ba70   0x00000028   Code   RO          887    .text._ZN5MotorD2Ev  lto-llvm-af9222.o
    0x0800ba98   0x0800ba98   0x00000008   Code   RO          897    .text._ZN5Servo11ErrorHandleEv  lto-llvm-af9222.o
    0x0800baa0   0x0800baa0   0x00000088   Code   RO          903    .text._ZN5Servo14SetTargetAngleEf  lto-llvm-af9222.o
    0x0800bb28   0x0800bb28   0x00000048   Code   RO          901    .text._ZN5Servo4stopEv  lto-llvm-af9222.o
    0x0800bb70   0x0800bb70   0x000001bc   Code   RO          895    .text._ZN5Servo6HandleEv  lto-llvm-af9222.o
    0x0800bd2c   0x0800bd2c   0x00000004   PAD
    0x0800bd30   0x0800bd30   0x0000020c   Code   RO          899    .text._ZN5ServoC2EP12SERVO_INIT_T  lto-llvm-af9222.o
    0x0800bf3c   0x0800bf3c   0x00000016   Code   RO          883    .text._ZN6DeviceC2Ev  lto-llvm-af9222.o
    0x0800bf52   0x0800bf52   0x00000002   PAD
    0x0800bf54   0x0800bf54   0x00000032   Code   RO          525    .text.__NVIC_EnableIRQ  lto-llvm-af9222.o
    0x0800bf86   0x0800bf86   0x00000002   PAD
    0x0800bf88   0x0800bf88   0x00000010   Code   RO          517    .text.__NVIC_GetPriorityGrouping  lto-llvm-af9222.o
    0x0800bf98   0x0800bf98   0x00000042   Code   RO          521    .text.__NVIC_SetPriority  lto-llvm-af9222.o
    0x0800bfda   0x0800bfda   0x00000002   PAD
    0x0800bfdc   0x0800bfdc   0x0000003c   Code   RO          513    .text.__NVIC_SetPriorityGrouping  lto-llvm-af9222.o
    0x0800c018   0x0800c018   0x00000028   Code   RO           65    .text.__cxa_pure_virtual  libcppabi_w.l(cxa_virtual.cpp.o)
    0x0800c040   0x0800c040   0x00000034   Code   RO          825    .text.__cxx_global_var_init  lto-llvm-af9222.o
    0x0800c074   0x0800c074   0x00000034   Code   RO          827    .text.__cxx_global_var_init.1  lto-llvm-af9222.o
    0x0800c0a8   0x0800c0a8   0x00000014   Code   RO          845    .text.__cxx_global_var_init.1.275  lto-llvm-af9222.o
    0x0800c0bc   0x0800c0bc   0x00000034   Code   RO          829    .text.__cxx_global_var_init.2  lto-llvm-af9222.o
    0x0800c0f0   0x0800c0f0   0x00000034   Code   RO          843    .text.__cxx_global_var_init.274  lto-llvm-af9222.o
    0x0800c124   0x0800c124   0x00000034   Code   RO          831    .text.__cxx_global_var_init.3  lto-llvm-af9222.o
    0x0800c158   0x0800c158   0x00000004   Code   RO          136    .text.abort_message  libcppabi_w.l(abort_message.cpp.o)
    0x0800c15c   0x0800c15c   0x000000b2   Code   RO          865    .text.main          lto-llvm-af9222.o
    0x0800c20e   0x0800c20e   0x00000002   PAD
    0x0800c210   0x0800c210   0x000003c4   Code   RO          159    i.__hardfp_log      m_wm.l(log.o)
    0x0800c5d4   0x0800c5d4   0x00000004   PAD
    0x0800c5d8   0x0800c5d8   0x00000100   Code   RO           70    i.__hardfp_log2     m_wm.l(log2.o)
    0x0800c6d8   0x0800c6d8   0x000000f8   Code   RO          228    i.__kernel_poly     m_wm.l(poly.o)
    0x0800c7d0   0x0800c7d0   0x00000030   Code   RO          139    i.__mathlib_dbl_divzero  m_wm.l(dunder.o)
    0x0800c800   0x0800c800   0x00000014   Code   RO          140    i.__mathlib_dbl_infnan  m_wm.l(dunder.o)
    0x0800c814   0x0800c814   0x00000004   PAD
    0x0800c818   0x0800c818   0x00000020   Code   RO          142    i.__mathlib_dbl_invalid  m_wm.l(dunder.o)
    0x0800c838   0x0800c838   0x0000000e   Code   RO         1036    i.__scatterload_copy  mc_w.l(handlers.o)
    0x0800c846   0x0800c846   0x00000002   Code   RO         1037    i.__scatterload_null  mc_w.l(handlers.o)
    0x0800c848   0x0800c848   0x0000000e   Code   RO         1038    i.__scatterload_zeroinit  mc_w.l(handlers.o)
    0x0800c856   0x0800c856   0x00000002   PAD
    0x0800c858   0x0800c858   0x0000000c   Code   RO          206    i.__set_errno       mc_w.l(errno.o)
    0x0800c864   0x0800c864   0x00000050   Code   RO          105    i.free              mc_w.l(malloc.o)
    0x0800c8b4   0x0800c8b4   0x00000004   PAD
    0x0800c8b8   0x0800c8b8   0x0000008c   Code   RO          155    i.frexp             m_wm.l(frexp.o)
    0x0800c944   0x0800c944   0x00000010   Code   RO          161    i.log               m_wm.l(log.o)
    0x0800c954   0x0800c954   0x0000006c   Code   RO          106    i.malloc            mc_w.l(malloc.o)
    0x0800c9c0   0x0800c9c0   0x00000038   Data   RO          162    .constdata          m_wm.l(log.o)
    0x0800c9f8   0x0800c9f8   0x00000008   Data   RO          230    .constdata          m_wm.l(qnan.o)
    0x0800ca00   0x0800ca00   0x00000038   Data   RO          991    .rodata._ZL9servoInfo  lto-llvm-af9222.o
    0x0800ca38   0x0800ca38   0x00000010   Data   RO          985    .rodata._ZTV5Motor  lto-llvm-af9222.o
    0x0800ca48   0x0800ca48   0x00000010   Data   RO          990    .rodata._ZTV5Servo  lto-llvm-af9222.o
    0x0800ca58   0x0800ca58   0x00000010   Data   RO          992    .rodata._ZTV6Device  lto-llvm-af9222.o
    0x0800ca68   0x0800ca68   0x00000010   Data   RO          936    .rodata.cst16       lto-llvm-af9222.o
    0x0800ca78   0x0800ca78   0x00000010   Data   RO          932    .rodata.cst8        lto-llvm-af9222.o
    0x0800ca88   0x0800ca88   0x00000042   Data   RO          930    .rodata.str1.1      lto-llvm-af9222.o
    0x0800caca   0x0800caca   0x00000002   PAD
    0x0800cacc   0x0800cacc   0x00000020   Data   RO         1035    Region$$Table       anon$$obj.o
    0x0800caec   0x0800caec   0x00000008   Data   RO          943    .init_array         lto-llvm-af9222.o
    0x0800caf4   0x0800caec   0x00000000   Data   RO         1016    .init_array         mc_w.l(cpp_init.o)


    Execution Region RW_IRAM1 (Exec base: 0x20000000, Load base: 0x0800caf8, Size: 0x00003f40, Max: 0x00020000, ABSOLUTE, COMPRESSED[0x000000f0])

    Exec Addr    Load Addr    Size         Type   Attr      Idx    E Section Name        Object

    0x20000000   COMPRESSED   0x00000004   Data   RW          202    .data               mc_w.l(mvars.o)
    0x20000004   COMPRESSED   0x00000004   Data   RW          203    .data               mc_w.l(mvars.o)
    0x20000008   COMPRESSED   0x00000004   Data   RW          207    .data               mc_w.l(errno.o)
    0x2000000c   COMPRESSED   0x00000004   Data   RW          244    .data               mc_w.l(cpp_dtor.o)
    0x20000010   COMPRESSED   0x00000014   Data   RW          953    .data.Claw_Servo_Init  lto-llvm-af9222.o
    0x20000024   COMPRESSED   0x0000001c   Data   RW          926    .data.FS_Desc       lto-llvm-af9222.o
    0x20000040   COMPRESSED   0x00000004   Data   RW          935    .data.SystemCoreClock  lto-llvm-af9222.o
    0x20000044   COMPRESSED   0x00000038   Data   RW          938    .data.USBD_CDC      lto-llvm-af9222.o
    0x2000007c   COMPRESSED   0x00000043   Data   RW          940    .data.USBD_CDC_CfgFSDesc  lto-llvm-af9222.o
    0x200000bf   COMPRESSED   0x00000001   PAD
    0x200000c0   COMPRESSED   0x00000043   Data   RW          939    .data.USBD_CDC_CfgHSDesc  lto-llvm-af9222.o
    0x20000103   COMPRESSED   0x00000001   PAD
    0x20000104   COMPRESSED   0x0000000a   Data   RW          942    .data.USBD_CDC_DeviceQualifierDesc  lto-llvm-af9222.o
    0x2000010e   COMPRESSED   0x00000002   PAD
    0x20000110   COMPRESSED   0x00000043   Data   RW          941    .data.USBD_CDC_OtherSpeedCfgDesc  lto-llvm-af9222.o
    0x20000153   COMPRESSED   0x00000001   PAD
    0x20000154   COMPRESSED   0x00000012   Data   RW          927    .data.USBD_FS_DeviceDesc  lto-llvm-af9222.o
    0x20000166   COMPRESSED   0x00000002   PAD
    0x20000168   COMPRESSED   0x00000010   Data   RW          921    .data.USBD_Interface_fops_FS  lto-llvm-af9222.o
    0x20000178   COMPRESSED   0x00000004   Data   RW          928    .data.USBD_LangIDDesc  lto-llvm-af9222.o
    0x2000017c   COMPRESSED   0x0000001a   Data   RW          929    .data.USBD_StringSerial  lto-llvm-af9222.o
    0x20000196   COMPRESSED   0x00000002   PAD
    0x20000198   COMPRESSED   0x00000004   Data   RW          960    .data._ZZ15aRGB_led_changejE10aRGB_value  lto-llvm-af9222.o
    0x2000019c   COMPRESSED   0x00000014   Data   RW          945    .data.chassisMotorInit  lto-llvm-af9222.o
    0x200001b0   COMPRESSED   0x00000001   Data   RW          977    .data.key_raw_state  lto-llvm-af9222.o
    0x200001b1   COMPRESSED   0x00000003   PAD
    0x200001b4   COMPRESSED   0x00000048   Data   RW          944    .data.pidRegulator  lto-llvm-af9222.o
    0x200001fc   COMPRESSED   0x00000014   Data   RW          951    .data.userMotorInit  lto-llvm-af9222.o
    0x20000210   COMPRESSED   0x00000048   Data   RW          950    .data.userPidRegulator  lto-llvm-af9222.o
    0x20000258   COMPRESSED   0x00000004   Data   RW          933    .data.uwTickPrio    lto-llvm-af9222.o
    0x2000025c   COMPRESSED   0x00000004   PAD
    0x20000260        -       0x000000c8   Zero   RW          948    .bss.CMBL           lto-llvm-af9222.o
    0x20000328        -       0x000000c8   Zero   RW          949    .bss.CMBR           lto-llvm-af9222.o
    0x200003f0        -       0x000000c8   Zero   RW          946    .bss.CMFL           lto-llvm-af9222.o
    0x200004b8        -       0x000000c8   Zero   RW          947    .bss.CMFR           lto-llvm-af9222.o
    0x20000580        -       0x00000024   Zero   RW          954    .bss.ClawServo      lto-llvm-af9222.o
    0x200005a4        -       0x00000004   Zero   RW          917    .bss.HAL_RCC_CAN1_CLK_ENABLED  lto-llvm-af9222.o
    0x200005a8        -       0x00000001   Zero   RW          937    .bss.USBD_SetConfig.cfgidx  lto-llvm-af9222.o
    0x200005a9   COMPRESSED   0x00000003   PAD
    0x200005ac        -       0x00000200   Zero   RW          931    .bss.USBD_StrDesc   lto-llvm-af9222.o
    0x200007ac        -       0x000000c8   Zero   RW          952    .bss.UserMotor      lto-llvm-af9222.o
    0x20000874        -       0x00000800   Zero   RW          923    .bss.UserRxBufferFS  lto-llvm-af9222.o
    0x20001074        -       0x00000800   Zero   RW          924    .bss.UserTxBufferFS  lto-llvm-af9222.o
    0x20001874        -       0x00000048   Zero   RW         1002    .bss._ZN13RemoteControl11sbus_rx_bufE  lto-llvm-af9222.o
    0x200018bc        -       0x00000004   Zero   RW          993    .bss._ZN13RemoteControl6rcInfoE.0  lto-llvm-af9222.o
    0x200018c0        -       0x00000001   Zero   RW          994    .bss._ZN13RemoteControl6rcInfoE.4  lto-llvm-af9222.o
    0x200018c1   COMPRESSED   0x00000003   PAD
    0x200018c4        -       0x00000001   Zero   RW          995    .bss._ZN13RemoteControl6rcInfoE.5  lto-llvm-af9222.o
    0x200018c5   COMPRESSED   0x00000003   PAD
    0x200018c8        -       0x00000004   Zero   RW          996    .bss._ZN13RemoteControl7rc_ctrlE.0  lto-llvm-af9222.o
    0x200018cc        -       0x00000004   Zero   RW          997    .bss._ZN13RemoteControl7rc_ctrlE.1  lto-llvm-af9222.o
    0x200018d0        -       0x00000004   Zero   RW          998    .bss._ZN13RemoteControl7rc_ctrlE.2  lto-llvm-af9222.o
    0x200018d4        -       0x00000004   Zero   RW          999    .bss._ZN13RemoteControl7rc_ctrlE.3  lto-llvm-af9222.o
    0x200018d8        -       0x00000004   Zero   RW         1000    .bss._ZN13RemoteControl7rc_ctrlE.4  lto-llvm-af9222.o
    0x200018dc        -       0x00000004   Zero   RW         1001    .bss._ZN13RemoteControl7rc_ctrlE.5  lto-llvm-af9222.o
    0x200018e0        -       0x00000020   Zero   RW          981    .bss._ZN5Motor15motor_intensityE  lto-llvm-af9222.o
    0x20001900        -       0x00000040   Zero   RW          980    .bss._ZN5Motor9motorPtrsE  lto-llvm-af9222.o
    0x20001940        -       0x00000004   Zero   RW          982    .bss._ZN5Motor9motor_IDsE  lto-llvm-af9222.o
    0x20001944        -       0x00000004   Zero   RW          987    .bss._ZN5Servo9servo_IDsE  lto-llvm-af9222.o
    0x20001948        -       0x00000002   Zero   RW          956    .bss._ZZ13aRGB_led_showjE3red  lto-llvm-af9222.o
    0x2000194a        -       0x00000002   Zero   RW          958    .bss._ZZ13aRGB_led_showjE4blue  lto-llvm-af9222.o
    0x2000194c        -       0x00000001   Zero   RW          955    .bss._ZZ13aRGB_led_showjE5alpha  lto-llvm-af9222.o
    0x2000194d   COMPRESSED   0x00000001   PAD
    0x2000194e        -       0x00000002   Zero   RW          957    .bss._ZZ13aRGB_led_showjE5green  lto-llvm-af9222.o
    0x20001950        -       0x00000004   Zero   RW          961    .bss._ZZ15aRGB_led_changejE8lastTick  lto-llvm-af9222.o
    0x20001954        -       0x00000004   Zero   RW          962    .bss._ZZ15aRGB_led_changejE9lastPhase  lto-llvm-af9222.o
    0x20001958        -       0x00000004   Zero   RW          967    .bss._ZZ15bsp_ADC_vccMonivE14calibrationCnt  lto-llvm-af9222.o
    0x2000195c        -       0x00000001   Zero   RW          966    .bss._ZZ15bsp_ADC_vccMonivE15calibrationCplt  lto-llvm-af9222.o
    0x2000195d   COMPRESSED   0x00000003   PAD
    0x20001960        -       0x00000004   Zero   RW          968    .bss._ZZ15bsp_ADC_vccMonivE7vrefSum  lto-llvm-af9222.o
    0x20001964        -       0x00000004   Zero   RW          969    .bss._ZZ15bsp_ADC_vccMonivE9vrefValue  lto-llvm-af9222.o
    0x20001968        -       0x00000004   Zero   RW          976    .bss._ZZ29HAL_TIM_PeriodElapsedCallbackE3cnt  lto-llvm-af9222.o
    0x2000196c        -       0x00000002   Zero   RW         1005    .bss._ZZN13RemoteControl8ITHandleEvE16this_time_rx_len  lto-llvm-af9222.o
    0x2000196e   COMPRESSED   0x00000002   PAD
    0x20001970        -       0x00000004   Zero   RW          986    .bss._ZZN5Motor16MotorStateUpdateEvE8lastRead  lto-llvm-af9222.o
    0x20001974        -       0x00000200   Zero   RW          972    .bss.flashData      lto-llvm-af9222.o
    0x20001b74        -       0x0000029c   Zero   RW          922    .bss.hUsbDeviceFS   lto-llvm-af9222.o
    0x20001e10        -       0x00000048   Zero   RW          970    .bss.hadc1          lto-llvm-af9222.o
    0x20001e58        -       0x00000048   Zero   RW          971    .bss.hadc3          lto-llvm-af9222.o
    0x20001ea0        -       0x00000028   Zero   RW          983    .bss.hcan1          lto-llvm-af9222.o
    0x20001ec8        -       0x00000028   Zero   RW          984    .bss.hcan2          lto-llvm-af9222.o
    0x20001ef0        -       0x00000060   Zero   RW          916    .bss.hdma_usart1_rx  lto-llvm-af9222.o
    0x20001f50        -       0x00000060   Zero   RW          915    .bss.hdma_usart1_tx  lto-llvm-af9222.o
    0x20001fb0        -       0x00000060   Zero   RW         1004    .bss.hdma_usart3_rx  lto-llvm-af9222.o
    0x20002010        -       0x00000054   Zero   RW          918    .bss.hi2c3          lto-llvm-af9222.o
    0x20002064        -       0x0000000c   Zero   RW         1006    .bss.hiwdg          lto-llvm-af9222.o
    0x20002070        -       0x00000408   Zero   RW          925    .bss.hpcd_USB_OTG_FS  lto-llvm-af9222.o
    0x20002478        -       0x00000058   Zero   RW          919    .bss.hspi1          lto-llvm-af9222.o
    0x200024d0        -       0x00000058   Zero   RW          920    .bss.hspi2          lto-llvm-af9222.o
    0x20002528        -       0x00000040   Zero   RW          988    .bss.htim1          lto-llvm-af9222.o
    0x20002568        -       0x00000040   Zero   RW          975    .bss.htim10         lto-llvm-af9222.o
    0x200025a8        -       0x00000040   Zero   RW          963    .bss.htim4          lto-llvm-af9222.o
    0x200025e8        -       0x00000040   Zero   RW          959    .bss.htim5          lto-llvm-af9222.o
    0x20002628        -       0x00000040   Zero   RW          989    .bss.htim8          lto-llvm-af9222.o
    0x20002668        -       0x00000040   Zero   RW          913    .bss.huart1         lto-llvm-af9222.o
    0x200026a8        -       0x00000040   Zero   RW         1003    .bss.huart3         lto-llvm-af9222.o
    0x200026e8        -       0x00000040   Zero   RW          914    .bss.huart6         lto-llvm-af9222.o
    0x20002728        -       0x00000001   Zero   RW          973    .bss.init_Flag      lto-llvm-af9222.o
    0x20002729   COMPRESSED   0x00000003   PAD
    0x2000272c        -       0x00000004   Zero   RW          978    .bss.key_last_stamp  lto-llvm-af9222.o
    0x20002730        -       0x00000001   Zero   RW          974    .bss.period         lto-llvm-af9222.o
    0x20002731   COMPRESSED   0x00000003   PAD
    0x20002734        -       0x00000004   Zero   RW          934    .bss.uwTick         lto-llvm-af9222.o
    0x20002738        -       0x00000004   Zero   RW          965    .bss.vccBat         lto-llvm-af9222.o
    0x2000273c        -       0x00000004   Zero   RW          964    .bss.vccMoni        lto-llvm-af9222.o
    0x20002740        -       0x00001000   Zero   RW            2    HEAP                startup_stm32f407xx.o
    0x20003740        -       0x00000800   Zero   RW            1    STACK               startup_stm32f407xx.o


==============================================================================

Image component sizes


      Code (inc. data)   RO Data    RW Data    ZI Data      Debug   Object Name

     46974        162        210        576       9419     194579   lto-llvm-af9222.o
        36          8        392          0       6144        872   startup_stm32f407xx.o

    ----------------------------------------------------------------------
     47324        174        636        588      15588     195451   Object Totals
         0          0         32          0          0          0   (incl. Generated)
       314          4          2         12         25          0   (incl. Padding)

    ----------------------------------------------------------------------

      Code (inc. data)   RO Data    RW Data    ZI Data      Debug   Library Member Name

         4          0          0          0          0         36   abort_message.cpp.o
        40         32          0          0          0         52   cxa_virtual.cpp.o
       100         28          0          0          0        372   dunder.o
       140         22          0          0          0        132   frexp.o
       980         92         56          0          0        440   log.o
       256         36          0          0          0        164   log2.o
       248          0          0          0          0        152   poly.o
         0          0          8          0          0          0   qnan.o
        86          0          0          0          0          0   __dczerorl2.o
        46          0          0          0          0         84   aeabi_atexit.o
         8          4          0          4          0         68   cpp_dtor.o
         2          0          0          0          0         68   cpp_final.o
        32          8          0          0          0         80   cpp_init.o
        10          0          0          0          0         68   cxa_atexit.o
        66          0          0          0          0         84   cxa_finalize.o
         0          0          0          0          0          0   entry.o
         0          0          0          0          0          0   entry10a.o
         4          0          0          0          0          0   entry10b.o
         0          0          0          0          0          0   entry11a.o
         8          4          0          0          0          0   entry2.o
         4          0          0          0          0          0   entry5.o
         0          0          0          0          0          0   entry7b.o
         4          0          0          0          0          0   entry8a.o
         0          0          0          0          0          0   entry8b.o
         8          4          0          0          0          0   entry9a.o
        12          6          0          4          0         68   errno.o
        30          0          0          0          0          0   handlers.o
        36          8          0          0          0         68   init.o
         0          0          0          0          0          0   iusefp.o
        30          0          0          0          0         68   llshl.o
        36          0          0          0          0         68   llsshr.o
        32          0          0          0          0         68   llushr.o
       188         20          0          0          0        160   malloc.o
        36          0          0          0          0         68   memcpya.o
        36          0          0          0          0        108   memseta.o
         0          0          0          8          0          0   mvars.o
        98          0          0          0          0         92   uldiv.o
        48          0          0          0          0         68   cdcmple.o
        56          0          0          0          0         88   d2f.o
       334          0          0          0          0        148   dadd.o
       222          0          0          0          0        100   ddiv.o
       186          0          0          0          0        176   depilogue.o
        50          0          0          0          0         76   dfixui.o
        34          0          0          0          0         76   dflti.o
        26          0          0          0          0         76   dfltui.o
       228          0          0          0          0         96   dmul.o
        38          0          0          0          0         68   f2d.o
       110          0          0          0          0        168   fepilogue.o

    ----------------------------------------------------------------------
      3932        272         64         16          0       3708   Library Totals
        20          8          0          0          0          0   (incl. Padding)

    ----------------------------------------------------------------------

      Code (inc. data)   RO Data    RW Data    ZI Data      Debug   Library Name

        44         32          0          0          0         88   libcppabi_w.l
      1724        178         64          0          0       1260   m_wm.l
       812         54          0         16          0       1220   mc_w.l
      1332          0          0          0          0       1140   mf_w.l

    ----------------------------------------------------------------------
      3932        272         64         16          0       3708   Library Totals

    ----------------------------------------------------------------------

==============================================================================


      Code (inc. data)   RO Data    RW Data    ZI Data      Debug   

     51256        446        700        604      15588     197559   Grand Totals
     51256        446        700        240      15588     197559   ELF Image Totals (compressed)
     51256        446        700        240          0          0   ROM Totals

==============================================================================

    Total RO  Size (Code + RO Data)                51956 (  50.74kB)
    Total RW  Size (RW Data + ZI Data)             16192 (  15.81kB)
    Total ROM Size (Code + RO Data + RW Data)      52196 (  50.97kB)

==============================================================================

